Archive member included to satisfy reference by file (symbol)

/Applications/ArmGNUToolchain/13.3.rel1/arm-none-eabi/bin/../lib/gcc/arm-none-eabi/13.3.1/../../../../arm-none-eabi/lib/thumb/v7e-m+fp/hard/libc_nano.a(libc_a-exit.o)
                              /Applications/ArmGNUToolchain/13.3.rel1/arm-none-eabi/bin/../lib/gcc/arm-none-eabi/13.3.1/../../../../arm-none-eabi/lib/thumb/v7e-m+fp/hard/crt0.o (exit)
/Applications/ArmGNUToolchain/13.3.rel1/arm-none-eabi/bin/../lib/gcc/arm-none-eabi/13.3.1/../../../../arm-none-eabi/lib/thumb/v7e-m+fp/hard/libc_nano.a(libc_a-findfp.o)
                              /Applications/ArmGNUToolchain/13.3.rel1/arm-none-eabi/bin/../lib/gcc/arm-none-eabi/13.3.1/../../../../arm-none-eabi/lib/thumb/v7e-m+fp/hard/libc_nano.a(libc_a-exit.o) (__stdio_exit_handler)
/Applications/ArmGNUToolchain/13.3.rel1/arm-none-eabi/bin/../lib/gcc/arm-none-eabi/13.3.1/../../../../arm-none-eabi/lib/thumb/v7e-m+fp/hard/libc_nano.a(libc_a-fwalk.o)
                              /Applications/ArmGNUToolchain/13.3.rel1/arm-none-eabi/bin/../lib/gcc/arm-none-eabi/13.3.1/../../../../arm-none-eabi/lib/thumb/v7e-m+fp/hard/libc_nano.a(libc_a-findfp.o) (_fwalk_sglue)
/Applications/ArmGNUToolchain/13.3.rel1/arm-none-eabi/bin/../lib/gcc/arm-none-eabi/13.3.1/../../../../arm-none-eabi/lib/thumb/v7e-m+fp/hard/libc_nano.a(libc_a-memset.o)
                              /Applications/ArmGNUToolchain/13.3.rel1/arm-none-eabi/bin/../lib/gcc/arm-none-eabi/13.3.1/../../../../arm-none-eabi/lib/thumb/v7e-m+fp/hard/crt0.o (memset)
/Applications/ArmGNUToolchain/13.3.rel1/arm-none-eabi/bin/../lib/gcc/arm-none-eabi/13.3.1/../../../../arm-none-eabi/lib/thumb/v7e-m+fp/hard/libc_nano.a(libc_a-init.o)
                              /Applications/ArmGNUToolchain/13.3.rel1/arm-none-eabi/bin/../lib/gcc/arm-none-eabi/13.3.1/../../../../arm-none-eabi/lib/thumb/v7e-m+fp/hard/crt0.o (__libc_init_array)
/Applications/ArmGNUToolchain/13.3.rel1/arm-none-eabi/bin/../lib/gcc/arm-none-eabi/13.3.1/../../../../arm-none-eabi/lib/thumb/v7e-m+fp/hard/libc_nano.a(libc_a-lock.o)
                              /Applications/ArmGNUToolchain/13.3.rel1/arm-none-eabi/bin/../lib/gcc/arm-none-eabi/13.3.1/../../../../arm-none-eabi/lib/thumb/v7e-m+fp/hard/libc_nano.a(libc_a-findfp.o) (__retarget_lock_init_recursive)
/Applications/ArmGNUToolchain/13.3.rel1/arm-none-eabi/bin/../lib/gcc/arm-none-eabi/13.3.1/../../../../arm-none-eabi/lib/thumb/v7e-m+fp/hard/libc_nano.a(libc_a-impure.o)
                              /Applications/ArmGNUToolchain/13.3.rel1/arm-none-eabi/bin/../lib/gcc/arm-none-eabi/13.3.1/../../../../arm-none-eabi/lib/thumb/v7e-m+fp/hard/libc_nano.a(libc_a-findfp.o) (_impure_data)
/Applications/ArmGNUToolchain/13.3.rel1/arm-none-eabi/bin/../lib/gcc/arm-none-eabi/13.3.1/../../../../arm-none-eabi/lib/thumb/v7e-m+fp/hard/libc_nano.a(libc_a-mallocr.o)
                              /Applications/ArmGNUToolchain/13.3.rel1/arm-none-eabi/bin/../lib/gcc/arm-none-eabi/13.3.1/../../../../arm-none-eabi/lib/thumb/v7e-m+fp/hard/libc_nano.a(libc_a-findfp.o) (_malloc_r)
/Applications/ArmGNUToolchain/13.3.rel1/arm-none-eabi/bin/../lib/gcc/arm-none-eabi/13.3.1/../../../../arm-none-eabi/lib/thumb/v7e-m+fp/hard/libc_nano.a(libc_a-fflush.o)
                              /Applications/ArmGNUToolchain/13.3.rel1/arm-none-eabi/bin/../lib/gcc/arm-none-eabi/13.3.1/../../../../arm-none-eabi/lib/thumb/v7e-m+fp/hard/libc_nano.a(libc_a-findfp.o) (_fflush_r)
/Applications/ArmGNUToolchain/13.3.rel1/arm-none-eabi/bin/../lib/gcc/arm-none-eabi/13.3.1/../../../../arm-none-eabi/lib/thumb/v7e-m+fp/hard/libc_nano.a(libc_a-mlock.o)
                              /Applications/ArmGNUToolchain/13.3.rel1/arm-none-eabi/bin/../lib/gcc/arm-none-eabi/13.3.1/../../../../arm-none-eabi/lib/thumb/v7e-m+fp/hard/libc_nano.a(libc_a-mallocr.o) (__malloc_lock)
/Applications/ArmGNUToolchain/13.3.rel1/arm-none-eabi/bin/../lib/gcc/arm-none-eabi/13.3.1/../../../../arm-none-eabi/lib/thumb/v7e-m+fp/hard/libc_nano.a(libc_a-stdio.o)
                              /Applications/ArmGNUToolchain/13.3.rel1/arm-none-eabi/bin/../lib/gcc/arm-none-eabi/13.3.1/../../../../arm-none-eabi/lib/thumb/v7e-m+fp/hard/libc_nano.a(libc_a-findfp.o) (__sread)
/Applications/ArmGNUToolchain/13.3.rel1/arm-none-eabi/bin/../lib/gcc/arm-none-eabi/13.3.1/../../../../arm-none-eabi/lib/thumb/v7e-m+fp/hard/libc_nano.a(libc_a-lseekr.o)
                              /Applications/ArmGNUToolchain/13.3.rel1/arm-none-eabi/bin/../lib/gcc/arm-none-eabi/13.3.1/../../../../arm-none-eabi/lib/thumb/v7e-m+fp/hard/libc_nano.a(libc_a-stdio.o) (_lseek_r)
/Applications/ArmGNUToolchain/13.3.rel1/arm-none-eabi/bin/../lib/gcc/arm-none-eabi/13.3.1/../../../../arm-none-eabi/lib/thumb/v7e-m+fp/hard/libc_nano.a(libc_a-readr.o)
                              /Applications/ArmGNUToolchain/13.3.rel1/arm-none-eabi/bin/../lib/gcc/arm-none-eabi/13.3.1/../../../../arm-none-eabi/lib/thumb/v7e-m+fp/hard/libc_nano.a(libc_a-stdio.o) (_read_r)
[...]
Memory Configuration

Name             Origin             Length             Attributes
RAM              0x20000000         0x00018000         xrw
RAM2             0x10000000         0x00008000         xrw
FLASH            0x08000000         0x00100000         xr
*default*        0x00000000         0xffffffff

Linker script and memory map

LOAD /Applications/ArmGNUToolchain/13.3.rel1/arm-none-eabi/bin/../lib/gcc/arm-none-eabi/13.3.1/thumb/v7e-m+fp/hard/crti.o
LOAD /Applications/ArmGNUToolchain/13.3.rel1/arm-none-eabi/bin/../lib/gcc/arm-none-eabi/13.3.1/thumb/v7e-m+fp/hard/crtbegin.o
LOAD /Applications/ArmGNUToolchain/13.3.rel1/arm-none-eabi/bin/../lib/gcc/arm-none-eabi/13.3.1/../../../../arm-none-eabi/lib/thumb/v7e-m+fp/hard/crt0.o
START GROUP
LOAD /Applications/ArmGNUToolchain/13.3.rel1/arm-none-eabi/bin/../lib/gcc/arm-none-eabi/13.3.1/../../../../arm-none-eabi/lib/thumb/v7e-m+fp/hard/libc_nano.a
LOAD /Applications/ArmGNUToolchain/13.3.rel1/arm-none-eabi/bin/../lib/gcc/arm-none-eabi/13.3.1/../../../../arm-none-eabi/lib/thumb/v7e-m+fp/hard/libm.a
END GROUP
LOAD CMakeFiles/Stepper-Motor-Rotation-Stand.dir/Core/Src/main.c.obj
LOAD CMakeFiles/Stepper-Motor-Rotation-Stand.dir/Core/Src/stm32l4xx_it.c.obj
LOAD CMakeFiles/Stepper-Motor-Rotation-Stand.dir/Core/Src/stm32l4xx_hal_msp.c.obj
LOAD CMakeFiles/Stepper-Motor-Rotation-Stand.dir/Drivers/STM32L4xx_HAL_Driver/Src/stm32l4xx_hal_tim.c.obj
LOAD CMakeFiles/Stepper-Motor-Rotation-Stand.dir/Drivers/STM32L4xx_HAL_Driver/Src/stm32l4xx_hal_tim_ex.c.obj
LOAD CMakeFiles/Stepper-Motor-Rotation-Stand.dir/Drivers/STM32L4xx_HAL_Driver/Src/stm32l4xx_hal.c.obj
LOAD CMakeFiles/Stepper-Motor-Rotation-Stand.dir/Drivers/STM32L4xx_HAL_Driver/Src/stm32l4xx_hal_rcc.c.obj
LOAD CMakeFiles/Stepper-Motor-Rotation-Stand.dir/Drivers/STM32L4xx_HAL_Driver/Src/stm32l4xx_hal_rcc_ex.c.obj
LOAD CMakeFiles/Stepper-Motor-Rotation-Stand.dir/Drivers/STM32L4xx_HAL_Driver/Src/stm32l4xx_hal_flash.c.obj
LOAD CMakeFiles/Stepper-Motor-Rotation-Stand.dir/Drivers/STM32L4xx_HAL_Driver/Src/stm32l4xx_hal_flash_ex.c.obj
LOAD CMakeFiles/Stepper-Motor-Rotation-Stand.dir/Drivers/STM32L4xx_HAL_Driver/Src/stm32l4xx_hal_flash_ramfunc.c.obj
LOAD CMakeFiles/Stepper-Motor-Rotation-Stand.dir/Drivers/STM32L4xx_HAL_Driver/Src/stm32l4xx_hal_gpio.c.obj
LOAD CMakeFiles/Stepper-Motor-Rotation-Stand.dir/Drivers/STM32L4xx_HAL_Driver/Src/stm32l4xx_hal_i2c.c.obj
LOAD CMakeFiles/Stepper-Motor-Rotation-Stand.dir/Drivers/STM32L4xx_HAL_Driver/Src/stm32l4xx_hal_i2c_ex.c.obj
LOAD CMakeFiles/Stepper-Motor-Rotation-Stand.dir/Drivers/STM32L4xx_HAL_Driver/Src/stm32l4xx_hal_dma.c.obj
LOAD CMakeFiles/Stepper-Motor-Rotation-Stand.dir/Drivers/STM32L4xx_HAL_Driver/Src/stm32l4xx_hal_dma_ex.c.obj
LOAD CMakeFiles/Stepper-Motor-Rotation-Stand.dir/Drivers/STM32L4xx_HAL_Driver/Src/stm32l4xx_hal_pwr.c.obj
LOAD CMakeFiles/Stepper-Motor-Rotation-Stand.dir/Drivers/STM32L4xx_HAL_Driver/Src/stm32l4xx_hal_pwr_ex.c.obj
LOAD CMakeFiles/Stepper-Motor-Rotation-Stand.dir/Drivers/STM32L4xx_HAL_Driver/Src/stm32l4xx_hal_cortex.c.obj
LOAD CMakeFiles/Stepper-Motor-Rotation-Stand.dir/Drivers/STM32L4xx_HAL_Driver/Src/stm32l4xx_hal_exti.c.obj
LOAD CMakeFiles/Stepper-Motor-Rotation-Stand.dir/Drivers/STM32L4xx_HAL_Driver/Src/stm32l4xx_hal_uart.c.obj
LOAD CMakeFiles/Stepper-Motor-Rotation-Stand.dir/Drivers/STM32L4xx_HAL_Driver/Src/stm32l4xx_hal_uart_ex.c.obj
LOAD CMakeFiles/Stepper-Motor-Rotation-Stand.dir/Core/Src/system_stm32l4xx.c.obj
LOAD CMakeFiles/Stepper-Motor-Rotation-Stand.dir/Core/Src/sysmem.c.obj
LOAD CMakeFiles/Stepper-Motor-Rotation-Stand.dir/Core/Src/syscalls.c.obj
LOAD CMakeFiles/Stepper-Motor-Rotation-Stand.dir/Core/Src/StepMotor_lib.c.obj
LOAD CMakeFiles/Stepper-Motor-Rotation-Stand.dir/startup_stm32l476xx.s.obj
START GROUP
LOAD /Applications/ArmGNUToolchain/13.3.rel1/arm-none-eabi/bin/../lib/gcc/arm-none-eabi/13.3.1/thumb/v7e-m+fp/hard/libgcc.a
LOAD /Applications/ArmGNUToolchain/13.3.rel1/arm-none-eabi/bin/../lib/gcc/arm-none-eabi/13.3.1/../../../../arm-none-eabi/lib/thumb/v7e-m+fp/hard/libg_nano.a
LOAD /Applications/ArmGNUToolchain/13.3.rel1/arm-none-eabi/bin/../lib/gcc/arm-none-eabi/13.3.1/../../../../arm-none-eabi/lib/thumb/v7e-m+fp/hard/libc_nano.a
END GROUP
START GROUP
LOAD /Applications/ArmGNUToolchain/13.3.rel1/arm-none-eabi/bin/../lib/gcc/arm-none-eabi/13.3.1/thumb/v7e-m+fp/hard/libgcc.a
LOAD /Applications/ArmGNUToolchain/13.3.rel1/arm-none-eabi/bin/../lib/gcc/arm-none-eabi/13.3.1/../../../../arm-none-eabi/lib/thumb/v7e-m+fp/hard/libc_nano.a
END GROUP
LOAD /Applications/ArmGNUToolchain/13.3.rel1/arm-none-eabi/bin/../lib/gcc/arm-none-eabi/13.3.1/thumb/v7e-m+fp/hard/crtend.o
LOAD /Applications/ArmGNUToolchain/13.3.rel1/arm-none-eabi/bin/../lib/gcc/arm-none-eabi/13.3.1/thumb/v7e-m+fp/hard/crtn.o
                0x20018000                        _estack = (ORIGIN (RAM) + LENGTH (RAM))
                0x00000200                        _Min_Heap_Size = 0x200
                0x00000400                        _Min_Stack_Size = 0x400

.isr_vector     0x08000000      0x188
                0x08000000                        . = ALIGN (0x8)
 *(.isr_vector)
 .isr_vector    0x08000000      0x188 CMakeFiles/Stepper-Motor-Rotation-Stand.dir/startup_stm32l476xx.s.obj
                0x08000000                g_pfnVectors
                0x08000188                        . = ALIGN (0x8)

.text           0x08000188     0x4470
                0x08000188                        . = ALIGN (0x8)
 *(.text)
 .text          0x08000188       0x30 /Applications/ArmGNUToolchain/13.3.rel1/arm-none-eabi/bin/../lib/gcc/arm-none-eabi/13.3.1/thumb/v7e-m+fp/hard/libgcc.a(_aeabi_uldivmod.o)
                0x08000188                __aeabi_uldivmod
 .text          0x080001b8        0x4 /Applications/ArmGNUToolchain/13.3.rel1/arm-none-eabi/bin/../lib/gcc/arm-none-eabi/13.3.1/thumb/v7e-m+fp/hard/libgcc.a(_dvmd_tls.o)
                0x080001b8                __aeabi_ldiv0
                0x080001b8                __aeabi_idiv0
 *(.text*)
 .text.deregister_tm_clones
                0x080001bc       0x1c /Applications/ArmGNUToolchain/13.3.rel1/arm-none-eabi/bin/../lib/gcc/arm-none-eabi/13.3.1/thumb/v7e-m+fp/hard/crtbegin.o
 .text.register_tm_clones
                0x080001d8       0x24 /Applications/ArmGNUToolchain/13.3.rel1/arm-none-eabi/bin/../lib/gcc/arm-none-eabi/13.3.1/thumb/v7e-m+fp/hard/crtbegin.o
 .text.__do_global_dtors_aux
                0x080001fc       0x28 /Applications/ArmGNUToolchain/13.3.rel1/arm-none-eabi/bin/../lib/gcc/arm-none-eabi/13.3.1/thumb/v7e-m+fp/hard/crtbegin.o
 .text.frame_dummy
                0x08000224       0x24 /Applications/ArmGNUToolchain/13.3.rel1/arm-none-eabi/bin/../lib/gcc/arm-none-eabi/13.3.1/thumb/v7e-m+fp/hard/crtbegin.o
 .text.memset   0x08000248       0x10 /Applications/ArmGNUToolchain/13.3.rel1/arm-none-eabi/bin/../lib/gcc/arm-none-eabi/13.3.1/../../../../arm-none-eabi/lib/thumb/v7e-m+fp/hard/libc_nano.a(libc_a-memset.o)
                0x08000248                memset
 .text.__libc_init_array
                0x08000258       0x48 /Applications/ArmGNUToolchain/13.3.rel1/arm-none-eabi/bin/../lib/gcc/arm-none-eabi/13.3.1/../../../../arm-none-eabi/lib/thumb/v7e-m+fp/hard/libc_nano.a(libc_a-init.o)
                0x08000258                __libc_init_array
 .text.main     0x080002a0       0x48 CMakeFiles/Stepper-Motor-Rotation-Stand.dir/Core/Src/main.c.obj
                0x080002a0                main
 .text.SystemClock_Config
                0x080002e8       0xa2 CMakeFiles/Stepper-Motor-Rotation-Stand.dir/Core/Src/main.c.obj
                0x080002e8                SystemClock_Config
 *fill*         0x0800038a        0x2 
 .text.MX_TIM1_Init
                0x0800038c      0x158 CMakeFiles/Stepper-Motor-Rotation-Stand.dir/Core/Src/main.c.obj
 .text.MX_USART2_UART_Init
                0x080004e4       0x60 CMakeFiles/Stepper-Motor-Rotation-Stand.dir/Core/Src/main.c.obj
 .text.MX_GPIO_Init
                0x08000544       0xf8 CMakeFiles/Stepper-Motor-Rotation-Stand.dir/Core/Src/main.c.obj
 .text.Error_Handler
                0x0800063c        0xc CMakeFiles/Stepper-Motor-Rotation-Stand.dir/Core/Src/main.c.obj
                0x0800063c                Error_Handler
 .text.NMI_Handler
                0x08000648        0x8 CMakeFiles/Stepper-Motor-Rotation-Stand.dir/Core/Src/stm32l4xx_it.c.obj
                0x08000648                NMI_Handler
 .text.HardFault_Handler
                0x08000650        0x8 CMakeFiles/Stepper-Motor-Rotation-Stand.dir/Core/Src/stm32l4xx_it.c.obj
                0x08000650                HardFault_Handler
 .text.MemManage_Handler
                0x08000658        0x8 CMakeFiles/Stepper-Motor-Rotation-Stand.dir/Core/Src/stm32l4xx_it.c.obj
                0x08000658                MemManage_Handler
 .text.BusFault_Handler
                0x08000660        0x8 CMakeFiles/Stepper-Motor-Rotation-Stand.dir/Core/Src/stm32l4xx_it.c.obj
                0x08000660                BusFault_Handler
 .text.UsageFault_Handler
                0x08000668        0x8 CMakeFiles/Stepper-Motor-Rotation-Stand.dir/Core/Src/stm32l4xx_it.c.obj
                0x08000668                UsageFault_Handler
 .text.SVC_Handler
                0x08000670        0xe CMakeFiles/Stepper-Motor-Rotation-Stand.dir/Core/Src/stm32l4xx_it.c.obj
                0x08000670                SVC_Handler
 .text.DebugMon_Handler
                0x0800067e        0xe CMakeFiles/Stepper-Motor-Rotation-Stand.dir/Core/Src/stm32l4xx_it.c.obj
                0x0800067e                DebugMon_Handler
 .text.PendSV_Handler
                0x0800068c        0xe CMakeFiles/Stepper-Motor-Rotation-Stand.dir/Core/Src/stm32l4xx_it.c.obj
                0x0800068c                PendSV_Handler
 .text.SysTick_Handler
                0x0800069a        0xc CMakeFiles/Stepper-Motor-Rotation-Stand.dir/Core/Src/stm32l4xx_it.c.obj
                0x0800069a                SysTick_Handler
 *fill*         0x080006a6        0x2 
 .text.HAL_MspInit
                0x080006a8       0x48 CMakeFiles/Stepper-Motor-Rotation-Stand.dir/Core/Src/stm32l4xx_hal_msp.c.obj
                0x080006a8                HAL_MspInit
 .text.HAL_TIM_Base_MspInit
                0x080006f0       0x40 CMakeFiles/Stepper-Motor-Rotation-Stand.dir/Core/Src/stm32l4xx_hal_msp.c.obj
                0x080006f0                HAL_TIM_Base_MspInit
 .text.HAL_TIM_MspPostInit
                0x08000730       0x70 CMakeFiles/Stepper-Motor-Rotation-Stand.dir/Core/Src/stm32l4xx_hal_msp.c.obj
                0x08000730                HAL_TIM_MspPostInit
 .text.HAL_UART_MspInit
                0x080007a0       0xb8 CMakeFiles/Stepper-Motor-Rotation-Stand.dir/Core/Src/stm32l4xx_hal_msp.c.obj
                0x080007a0                HAL_UART_MspInit
 .text.HAL_TIM_Base_Init
                0x08000858       0xae CMakeFiles/Stepper-Motor-Rotation-Stand.dir/Drivers/STM32L4xx_HAL_Driver/Src/stm32l4xx_hal_tim.c.obj
                0x08000858                HAL_TIM_Base_Init
 .text.HAL_TIM_PWM_Init
                0x08000906       0xae CMakeFiles/Stepper-Motor-Rotation-Stand.dir/Drivers/STM32L4xx_HAL_Driver/Src/stm32l4xx_hal_tim.c.obj
                0x08000906                HAL_TIM_PWM_Init
 .text.HAL_TIM_PWM_MspInit
                0x080009b4       0x14 CMakeFiles/Stepper-Motor-Rotation-Stand.dir/Drivers/STM32L4xx_HAL_Driver/Src/stm32l4xx_hal_tim.c.obj
                0x080009b4                HAL_TIM_PWM_MspInit
 .text.HAL_TIM_PWM_Start_IT
                0x080009c8      0x2a8 CMakeFiles/Stepper-Motor-Rotation-Stand.dir/Drivers/STM32L4xx_HAL_Driver/Src/stm32l4xx_hal_tim.c.obj
                0x080009c8                HAL_TIM_PWM_Start_IT
 .text.HAL_TIM_PWM_ConfigChannel
                0x08000c70      0x228 CMakeFiles/Stepper-Motor-Rotation-Stand.dir/Drivers/STM32L4xx_HAL_Driver/Src/stm32l4xx_hal_tim.c.obj
                0x08000c70                HAL_TIM_PWM_ConfigChannel
 .text.HAL_TIM_ConfigClockSource
                0x08000e98      0x192 CMakeFiles/Stepper-Motor-Rotation-Stand.dir/Drivers/STM32L4xx_HAL_Driver/Src/stm32l4xx_hal_tim.c.obj
                0x08000e98                HAL_TIM_ConfigClockSource
 *fill*         0x0800102a        0x2 
 .text.TIM_Base_SetConfig
                0x0800102c      0x14c CMakeFiles/Stepper-Motor-Rotation-Stand.dir/Drivers/STM32L4xx_HAL_Driver/Src/stm32l4xx_hal_tim.c.obj
                0x0800102c                TIM_Base_SetConfig
 .text.TIM_OC1_SetConfig
                0x08001178      0x120 CMakeFiles/Stepper-Motor-Rotation-Stand.dir/Drivers/STM32L4xx_HAL_Driver/Src/stm32l4xx_hal_tim.c.obj
 .text.TIM_OC2_SetConfig
                0x08001298      0x114 CMakeFiles/Stepper-Motor-Rotation-Stand.dir/Drivers/STM32L4xx_HAL_Driver/Src/stm32l4xx_hal_tim.c.obj
                0x08001298                TIM_OC2_SetConfig
 .text.TIM_OC3_SetConfig
                0x080013ac      0x110 CMakeFiles/Stepper-Motor-Rotation-Stand.dir/Drivers/STM32L4xx_HAL_Driver/Src/stm32l4xx_hal_tim.c.obj
 .text.TIM_OC4_SetConfig
                0x080014bc       0xd4 CMakeFiles/Stepper-Motor-Rotation-Stand.dir/Drivers/STM32L4xx_HAL_Driver/Src/stm32l4xx_hal_tim.c.obj
 .text.TIM_OC5_SetConfig
                0x08001590       0xc8 CMakeFiles/Stepper-Motor-Rotation-Stand.dir/Drivers/STM32L4xx_HAL_Driver/Src/stm32l4xx_hal_tim.c.obj
 .text.TIM_OC6_SetConfig
                0x08001658       0xcc CMakeFiles/Stepper-Motor-Rotation-Stand.dir/Drivers/STM32L4xx_HAL_Driver/Src/stm32l4xx_hal_tim.c.obj
 .text.TIM_TI1_ConfigInputStage
                0x08001724       0x5e CMakeFiles/Stepper-Motor-Rotation-Stand.dir/Drivers/STM32L4xx_HAL_Driver/Src/stm32l4xx_hal_tim.c.obj
 .text.TIM_TI2_ConfigInputStage
                0x08001782       0x60 CMakeFiles/Stepper-Motor-Rotation-Stand.dir/Drivers/STM32L4xx_HAL_Driver/Src/stm32l4xx_hal_tim.c.obj
 .text.TIM_ITRx_SetConfig
                0x080017e2       0x36 CMakeFiles/Stepper-Motor-Rotation-Stand.dir/Drivers/STM32L4xx_HAL_Driver/Src/stm32l4xx_hal_tim.c.obj
 .text.TIM_ETR_SetConfig
                0x08001818       0x40 CMakeFiles/Stepper-Motor-Rotation-Stand.dir/Drivers/STM32L4xx_HAL_Driver/Src/stm32l4xx_hal_tim.c.obj
                0x08001818                TIM_ETR_SetConfig
 .text.TIM_CCxChannelCmd
                0x08001858       0x4a CMakeFiles/Stepper-Motor-Rotation-Stand.dir/Drivers/STM32L4xx_HAL_Driver/Src/stm32l4xx_hal_tim.c.obj
                0x08001858                TIM_CCxChannelCmd
 *fill*         0x080018a2        0x2 
 .text.HAL_TIMEx_MasterConfigSynchronization
                0x080018a4      0x110 CMakeFiles/Stepper-Motor-Rotation-Stand.dir/Drivers/STM32L4xx_HAL_Driver/Src/stm32l4xx_hal_tim_ex.c.obj
                0x080018a4                HAL_TIMEx_MasterConfigSynchronization
 .text.HAL_TIMEx_ConfigBreakDeadTime
                0x080019b4       0xfc CMakeFiles/Stepper-Motor-Rotation-Stand.dir/Drivers/STM32L4xx_HAL_Driver/Src/stm32l4xx_hal_tim_ex.c.obj
                0x080019b4                HAL_TIMEx_ConfigBreakDeadTime
 .text.HAL_Init
                0x08001ab0       0x40 CMakeFiles/Stepper-Motor-Rotation-Stand.dir/Drivers/STM32L4xx_HAL_Driver/Src/stm32l4xx_hal.c.obj
                0x08001ab0                HAL_Init
 .text.HAL_InitTick
                0x08001af0       0x78 CMakeFiles/Stepper-Motor-Rotation-Stand.dir/Drivers/STM32L4xx_HAL_Driver/Src/stm32l4xx_hal.c.obj
                0x08001af0                HAL_InitTick
 .text.HAL_IncTick
                0x08001b68       0x28 CMakeFiles/Stepper-Motor-Rotation-Stand.dir/Drivers/STM32L4xx_HAL_Driver/Src/stm32l4xx_hal.c.obj
                0x08001b68                HAL_IncTick
 .text.HAL_GetTick
                0x08001b90       0x18 CMakeFiles/Stepper-Motor-Rotation-Stand.dir/Drivers/STM32L4xx_HAL_Driver/Src/stm32l4xx_hal.c.obj
                0x08001b90                HAL_GetTick
 .text.HAL_RCC_OscConfig
                0x08001ba8      0x7b8 CMakeFiles/Stepper-Motor-Rotation-Stand.dir/Drivers/STM32L4xx_HAL_Driver/Src/stm32l4xx_hal_rcc.c.obj
                0x08001ba8                HAL_RCC_OscConfig
 .text.HAL_RCC_ClockConfig
                0x08002360      0x200 CMakeFiles/Stepper-Motor-Rotation-Stand.dir/Drivers/STM32L4xx_HAL_Driver/Src/stm32l4xx_hal_rcc.c.obj
                0x08002360                HAL_RCC_ClockConfig
 .text.HAL_RCC_GetSysClockFreq
                0x08002560      0x118 CMakeFiles/Stepper-Motor-Rotation-Stand.dir/Drivers/STM32L4xx_HAL_Driver/Src/stm32l4xx_hal_rcc.c.obj
                0x08002560                HAL_RCC_GetSysClockFreq
 .text.HAL_RCC_GetHCLKFreq
                0x08002678       0x18 CMakeFiles/Stepper-Motor-Rotation-Stand.dir/Drivers/STM32L4xx_HAL_Driver/Src/stm32l4xx_hal_rcc.c.obj
                0x08002678                HAL_RCC_GetHCLKFreq
 .text.HAL_RCC_GetPCLK1Freq
                0x08002690       0x2c CMakeFiles/Stepper-Motor-Rotation-Stand.dir/Drivers/STM32L4xx_HAL_Driver/Src/stm32l4xx_hal_rcc.c.obj
                0x08002690                HAL_RCC_GetPCLK1Freq
 .text.HAL_RCC_GetPCLK2Freq
                0x080026bc       0x2c CMakeFiles/Stepper-Motor-Rotation-Stand.dir/Drivers/STM32L4xx_HAL_Driver/Src/stm32l4xx_hal_rcc.c.obj
                0x080026bc                HAL_RCC_GetPCLK2Freq
 .text.RCC_SetFlashLatencyFromMSIRange
                0x080026e8       0xc0 CMakeFiles/Stepper-Motor-Rotation-Stand.dir/Drivers/STM32L4xx_HAL_Driver/Src/stm32l4xx_hal_rcc.c.obj
 .text.HAL_RCCEx_PeriphCLKConfig
                0x080027a8      0x5d4 CMakeFiles/Stepper-Motor-Rotation-Stand.dir/Drivers/STM32L4xx_HAL_Driver/Src/stm32l4xx_hal_rcc_ex.c.obj
                0x080027a8                HAL_RCCEx_PeriphCLKConfig
 .text.RCCEx_PLLSAI1_Config
                0x08002d7c      0x1e8 CMakeFiles/Stepper-Motor-Rotation-Stand.dir/Drivers/STM32L4xx_HAL_Driver/Src/stm32l4xx_hal_rcc_ex.c.obj
 .text.RCCEx_PLLSAI2_Config
                0x08002f64      0x1bc CMakeFiles/Stepper-Motor-Rotation-Stand.dir/Drivers/STM32L4xx_HAL_Driver/Src/stm32l4xx_hal_rcc_ex.c.obj
 .text.HAL_GPIO_Init
                0x08003120      0x354 CMakeFiles/Stepper-Motor-Rotation-Stand.dir/Drivers/STM32L4xx_HAL_Driver/Src/stm32l4xx_hal_gpio.c.obj
                0x08003120                HAL_GPIO_Init
 .text.HAL_GPIO_WritePin
                0x08003474       0x30 CMakeFiles/Stepper-Motor-Rotation-Stand.dir/Drivers/STM32L4xx_HAL_Driver/Src/stm32l4xx_hal_gpio.c.obj
                0x08003474                HAL_GPIO_WritePin
 .text.HAL_PWREx_GetVoltageRange
                0x080034a4       0x1c CMakeFiles/Stepper-Motor-Rotation-Stand.dir/Drivers/STM32L4xx_HAL_Driver/Src/stm32l4xx_hal_pwr_ex.c.obj
                0x080034a4                HAL_PWREx_GetVoltageRange
 .text.HAL_PWREx_ControlVoltageScaling
                0x080034c0       0xac CMakeFiles/Stepper-Motor-Rotation-Stand.dir/Drivers/STM32L4xx_HAL_Driver/Src/stm32l4xx_hal_pwr_ex.c.obj
                0x080034c0                HAL_PWREx_ControlVoltageScaling
 .text.__NVIC_SetPriorityGrouping
                0x0800356c       0x48 CMakeFiles/Stepper-Motor-Rotation-Stand.dir/Drivers/STM32L4xx_HAL_Driver/Src/stm32l4xx_hal_cortex.c.obj
 .text.__NVIC_GetPriorityGrouping
                0x080035b4       0x1c CMakeFiles/Stepper-Motor-Rotation-Stand.dir/Drivers/STM32L4xx_HAL_Driver/Src/stm32l4xx_hal_cortex.c.obj
 .text.__NVIC_SetPriority
                0x080035d0       0x54 CMakeFiles/Stepper-Motor-Rotation-Stand.dir/Drivers/STM32L4xx_HAL_Driver/Src/stm32l4xx_hal_cortex.c.obj
 .text.NVIC_EncodePriority
                0x08003624       0x66 CMakeFiles/Stepper-Motor-Rotation-Stand.dir/Drivers/STM32L4xx_HAL_Driver/Src/stm32l4xx_hal_cortex.c.obj
 *fill*         0x0800368a        0x2 
 .text.SysTick_Config
                0x0800368c       0x44 CMakeFiles/Stepper-Motor-Rotation-Stand.dir/Drivers/STM32L4xx_HAL_Driver/Src/stm32l4xx_hal_cortex.c.obj
 .text.HAL_NVIC_SetPriorityGrouping
                0x080036d0       0x16 CMakeFiles/Stepper-Motor-Rotation-Stand.dir/Drivers/STM32L4xx_HAL_Driver/Src/stm32l4xx_hal_cortex.c.obj
                0x080036d0                HAL_NVIC_SetPriorityGrouping
 .text.HAL_NVIC_SetPriority
                0x080036e6       0x38 CMakeFiles/Stepper-Motor-Rotation-Stand.dir/Drivers/STM32L4xx_HAL_Driver/Src/stm32l4xx_hal_cortex.c.obj
                0x080036e6                HAL_NVIC_SetPriority
 .text.HAL_SYSTICK_Config
                0x0800371e       0x18 CMakeFiles/Stepper-Motor-Rotation-Stand.dir/Drivers/STM32L4xx_HAL_Driver/Src/stm32l4xx_hal_cortex.c.obj
                0x0800371e                HAL_SYSTICK_Config
 .text.HAL_UART_Init
                0x08003736       0x9c CMakeFiles/Stepper-Motor-Rotation-Stand.dir/Drivers/STM32L4xx_HAL_Driver/Src/stm32l4xx_hal_uart.c.obj
                0x08003736                HAL_UART_Init
 *fill*         0x080037d2        0x2 
 .text.UART_SetConfig
                0x080037d4      0x570 CMakeFiles/Stepper-Motor-Rotation-Stand.dir/Drivers/STM32L4xx_HAL_Driver/Src/stm32l4xx_hal_uart.c.obj
                0x080037d4                UART_SetConfig
 .text.UART_AdvFeatureConfig
                0x08003d44      0x144 CMakeFiles/Stepper-Motor-Rotation-Stand.dir/Drivers/STM32L4xx_HAL_Driver/Src/stm32l4xx_hal_uart.c.obj
                0x08003d44                UART_AdvFeatureConfig
 .text.UART_CheckIdleState
                0x08003e88      0x150 CMakeFiles/Stepper-Motor-Rotation-Stand.dir/Drivers/STM32L4xx_HAL_Driver/Src/stm32l4xx_hal_uart.c.obj
                0x08003e88                UART_CheckIdleState
 .text.UART_WaitOnFlagUntilTimeout
                0x08003fd8       0xda CMakeFiles/Stepper-Motor-Rotation-Stand.dir/Drivers/STM32L4xx_HAL_Driver/Src/stm32l4xx_hal_uart.c.obj
                0x08003fd8                UART_WaitOnFlagUntilTimeout
 .text.UART_EndRxTransfer
                0x080040b2       0xc8 CMakeFiles/Stepper-Motor-Rotation-Stand.dir/Drivers/STM32L4xx_HAL_Driver/Src/stm32l4xx_hal_uart.c.obj
 *fill*         0x0800417a        0x2 
 .text.SystemInit
                0x0800417c       0x24 CMakeFiles/Stepper-Motor-Rotation-Stand.dir/Core/Src/system_stm32l4xx.c.obj
                0x0800417c                SystemInit
 .text.stepper_motor_init
                0x080041a0       0x44 CMakeFiles/Stepper-Motor-Rotation-Stand.dir/Core/Src/StepMotor_lib.c.obj
                0x080041a0                stepper_motor_init
 .text.startMotor
                0x080041e4       0xec CMakeFiles/Stepper-Motor-Rotation-Stand.dir/Core/Src/StepMotor_lib.c.obj
                0x080041e4                startMotor
 .text.Reset_Handler
                0x080042d0       0x50 CMakeFiles/Stepper-Motor-Rotation-Stand.dir/startup_stm32l476xx.s.obj
                0x080042d0                Reset_Handler
 .text.Default_Handler
                0x08004320        0x2 CMakeFiles/Stepper-Motor-Rotation-Stand.dir/startup_stm32l476xx.s.obj
                0x08004320                TIM1_BRK_TIM15_IRQHandler
                0x08004320                EXTI2_IRQHandler
                0x08004320                TIM8_TRG_COM_IRQHandler
                0x08004320                TIM8_CC_IRQHandler
                0x08004320                TIM1_CC_IRQHandler
                0x08004320                TSC_IRQHandler
                0x08004320                TAMP_STAMP_IRQHandler
                0x08004320                EXTI3_IRQHandler
                0x08004320                LPTIM2_IRQHandler
                0x08004320                DFSDM1_FLT1_IRQHandler
                0x08004320                I2C3_ER_IRQHandler
                0x08004320                DFSDM1_FLT2_IRQHandler
                0x08004320                EXTI0_IRQHandler
                0x08004320                I2C2_EV_IRQHandler
                0x08004320                CAN1_RX0_IRQHandler
                0x08004320                FPU_IRQHandler
                0x08004320                TIM1_UP_TIM16_IRQHandler
                0x08004320                ADC1_2_IRQHandler
                0x08004320                SPI1_IRQHandler
                0x08004320                TIM6_DAC_IRQHandler
                0x08004320                TIM8_UP_IRQHandler
                0x08004320                DMA2_Channel2_IRQHandler
                0x08004320                DMA1_Channel4_IRQHandler
                0x08004320                SAI2_IRQHandler
                0x08004320                DFSDM1_FLT3_IRQHandler
                0x08004320                USART3_IRQHandler
                0x08004320                DMA1_Channel7_IRQHandler
                0x08004320                CAN1_RX1_IRQHandler
                0x08004320                LCD_IRQHandler
                0x08004320                UART5_IRQHandler
                0x08004320                ADC3_IRQHandler
                0x08004320                TIM4_IRQHandler
                0x08004320                DMA2_Channel1_IRQHandler
                0x08004320                QUADSPI_IRQHandler
                0x08004320                I2C1_EV_IRQHandler
                0x08004320                DMA1_Channel6_IRQHandler
                0x08004320                UART4_IRQHandler
                0x08004320                DMA2_Channel4_IRQHandler
                0x08004320                TIM3_IRQHandler
                0x08004320                RCC_IRQHandler
                0x08004320                DMA1_Channel1_IRQHandler
                0x08004320                Default_Handler
                0x08004320                DMA2_Channel7_IRQHandler
                0x08004320                EXTI15_10_IRQHandler
                0x08004320                TIM7_IRQHandler
                0x08004320                SDMMC1_IRQHandler
                0x08004320                TIM5_IRQHandler
                0x08004320                I2C3_EV_IRQHandler
                0x08004320                EXTI9_5_IRQHandler
                0x08004320                RTC_WKUP_IRQHandler
                0x08004320                PVD_PVM_IRQHandler
                0x08004320                SPI2_IRQHandler
                0x08004320                CAN1_TX_IRQHandler
                0x08004320                DMA2_Channel5_IRQHandler
                0x08004320                DMA1_Channel5_IRQHandler
                0x08004320                EXTI4_IRQHandler
                0x08004320                RNG_IRQHandler
                0x08004320                TIM1_TRG_COM_TIM17_IRQHandler
                0x08004320                DMA1_Channel3_IRQHandler
                0x08004320                COMP_IRQHandler
                0x08004320                WWDG_IRQHandler
                0x08004320                LPUART1_IRQHandler
                0x08004320                DMA2_Channel6_IRQHandler
                0x08004320                TIM2_IRQHandler
                0x08004320                EXTI1_IRQHandler
                0x08004320                USART2_IRQHandler
                0x08004320                DFSDM1_FLT0_IRQHandler
                0x08004320                I2C2_ER_IRQHandler
                0x08004320                DMA1_Channel2_IRQHandler
                0x08004320                TIM8_BRK_IRQHandler
                0x08004320                CAN1_SCE_IRQHandler
                0x08004320                FLASH_IRQHandler
                0x08004320                USART1_IRQHandler
                0x08004320                OTG_FS_IRQHandler
                0x08004320                SPI3_IRQHandler
                0x08004320                I2C1_ER_IRQHandler
                0x08004320                FMC_IRQHandler
                0x08004320                SWPMI1_IRQHandler
                0x08004320                LPTIM1_IRQHandler
                0x08004320                SAI1_IRQHandler
                0x08004320                DMA2_Channel3_IRQHandler
                0x08004320                RTC_Alarm_IRQHandler
 *fill*         0x08004322        0x2 
 .text.__udivmoddi4
                0x08004324      0x2bc /Applications/ArmGNUToolchain/13.3.rel1/arm-none-eabi/bin/../lib/gcc/arm-none-eabi/13.3.1/thumb/v7e-m+fp/hard/libgcc.a(_udivmoddi4.o)
                0x08004324                __udivmoddi4
 *(.glue_7)
 .glue_7        0x080045e0        0x0 linker stubs
 *(.glue_7t)
 .glue_7t       0x080045e0        0x0 linker stubs
 *(.eh_frame)
 .eh_frame      0x080045e0        0x0 /Applications/ArmGNUToolchain/13.3.rel1/arm-none-eabi/bin/../lib/gcc/arm-none-eabi/13.3.1/thumb/v7e-m+fp/hard/crtbegin.o
 *(.init)
 .init          0x080045e0        0x4 /Applications/ArmGNUToolchain/13.3.rel1/arm-none-eabi/bin/../lib/gcc/arm-none-eabi/13.3.1/thumb/v7e-m+fp/hard/crti.o
                0x080045e0                _init
 .init          0x080045e4        0x8 /Applications/ArmGNUToolchain/13.3.rel1/arm-none-eabi/bin/../lib/gcc/arm-none-eabi/13.3.1/thumb/v7e-m+fp/hard/crtn.o
 *(.fini)
 .fini          0x080045ec        0x4 /Applications/ArmGNUToolchain/13.3.rel1/arm-none-eabi/bin/../lib/gcc/arm-none-eabi/13.3.1/thumb/v7e-m+fp/hard/crti.o
                0x080045ec                _fini
 .fini          0x080045f0        0x8 /Applications/ArmGNUToolchain/13.3.rel1/arm-none-eabi/bin/../lib/gcc/arm-none-eabi/13.3.1/thumb/v7e-m+fp/hard/crtn.o
                0x080045f8                        . = ALIGN (0x8)
                0x080045f8                        _etext = .

.vfp11_veneer   0x080045f8        0x0
 .vfp11_veneer  0x080045f8        0x0 linker stubs

.v4_bx          0x080045f8        0x0
 .v4_bx         0x080045f8        0x0 linker stubs

.iplt           0x080045f8        0x0
 .iplt          0x080045f8        0x0 /Applications/ArmGNUToolchain/13.3.rel1/arm-none-eabi/bin/../lib/gcc/arm-none-eabi/13.3.1/thumb/v7e-m+fp/hard/crtbegin.o

.rodata         0x080045f8       0x48
                0x080045f8                        . = ALIGN (0x8)
 *(.rodata)
 *(.rodata*)
 .rodata.AHBPrescTable
                0x080045f8       0x10 CMakeFiles/Stepper-Motor-Rotation-Stand.dir/Core/Src/system_stm32l4xx.c.obj
                0x080045f8                AHBPrescTable
 .rodata.APBPrescTable
                0x08004608        0x8 CMakeFiles/Stepper-Motor-Rotation-Stand.dir/Core/Src/system_stm32l4xx.c.obj
                0x08004608                APBPrescTable
 .rodata.MSIRangeTable
                0x08004610       0x30 CMakeFiles/Stepper-Motor-Rotation-Stand.dir/Core/Src/system_stm32l4xx.c.obj
                0x08004610                MSIRangeTable
                0x08004640                        . = ALIGN (0x8)

.ARM.extab      0x08004640        0x0
                0x08004640                        . = ALIGN (0x8)
 *(.ARM.extab* .gnu.linkonce.armextab.*)
                0x08004640                        . = ALIGN (0x8)

.ARM            0x08004640        0x8
                0x08004640                        . = ALIGN (0x8)
                0x08004640                        __exidx_start = .
 *(.ARM.exidx*)
 .ARM.exidx.text.__udivmoddi4
                0x08004640        0x8 /Applications/ArmGNUToolchain/13.3.rel1/arm-none-eabi/bin/../lib/gcc/arm-none-eabi/13.3.1/thumb/v7e-m+fp/hard/libgcc.a(_udivmoddi4.o)
                0x08004648                        __exidx_end = .
                0x08004648                        . = ALIGN (0x8)

.rel.dyn        0x08004648        0x0
 .rel.iplt      0x08004648        0x0 /Applications/ArmGNUToolchain/13.3.rel1/arm-none-eabi/bin/../lib/gcc/arm-none-eabi/13.3.1/thumb/v7e-m+fp/hard/crtbegin.o

.preinit_array  0x08004648        0x0
                0x08004648                        . = ALIGN (0x8)
                0x08004648                        PROVIDE (__preinit_array_start = .)
 *(.preinit_array*)
                0x08004648                        PROVIDE (__preinit_array_end = .)
                0x08004648                        . = ALIGN (0x8)

.init_array     0x08004648        0x8
                0x08004648                        . = ALIGN (0x8)
                0x08004648                        PROVIDE (__init_array_start = .)
 *(SORT_BY_NAME(.init_array.*))
 *(.init_array*)
 .init_array    0x08004648        0x4 /Applications/ArmGNUToolchain/13.3.rel1/arm-none-eabi/bin/../lib/gcc/arm-none-eabi/13.3.1/thumb/v7e-m+fp/hard/crtbegin.o
                0x0800464c                        PROVIDE (__init_array_end = .)
                0x08004650                        . = ALIGN (0x8)
 *fill*         0x0800464c        0x4 

.fini_array     0x08004650        0x8
                0x08004650                        . = ALIGN (0x8)
                [!provide]                        PROVIDE (__fini_array_start = .)
 *(SORT_BY_NAME(.fini_array.*))
 *(.fini_array*)
 .fini_array    0x08004650        0x4 /Applications/ArmGNUToolchain/13.3.rel1/arm-none-eabi/bin/../lib/gcc/arm-none-eabi/13.3.1/thumb/v7e-m+fp/hard/crtbegin.o
                [!provide]                        PROVIDE (__fini_array_end = .)
                0x08004658                        . = ALIGN (0x8)
 *fill*         0x08004654        0x4 
                0x08004658                        _sidata = LOADADDR (.data)

.data           0x20000000       0x10 load address 0x08004658
                0x20000000                        . = ALIGN (0x8)
                0x20000000                        _sdata = .
 *(.data)
 *(.data*)
 .data.uwTickPrio
                0x20000000        0x4 CMakeFiles/Stepper-Motor-Rotation-Stand.dir/Drivers/STM32L4xx_HAL_Driver/Src/stm32l4xx_hal.c.obj
                0x20000000                uwTickPrio
 .data.uwTickFreq
                0x20000004        0x1 CMakeFiles/Stepper-Motor-Rotation-Stand.dir/Drivers/STM32L4xx_HAL_Driver/Src/stm32l4xx_hal.c.obj
                0x20000004                uwTickFreq
 *fill*         0x20000005        0x3 
 .data.SystemCoreClock
                0x20000008        0x4 CMakeFiles/Stepper-Motor-Rotation-Stand.dir/Core/Src/system_stm32l4xx.c.obj
                0x20000008                SystemCoreClock
                0x20000010                        . = ALIGN (0x8)
 *fill*         0x2000000c        0x4 
                0x20000010                        _edata = .

.tm_clone_table
                0x20000010        0x0 load address 0x08004668
 .tm_clone_table
                0x20000010        0x0 /Applications/ArmGNUToolchain/13.3.rel1/arm-none-eabi/bin/../lib/gcc/arm-none-eabi/13.3.1/thumb/v7e-m+fp/hard/crtbegin.o
 .tm_clone_table
                0x20000010        0x0 /Applications/ArmGNUToolchain/13.3.rel1/arm-none-eabi/bin/../lib/gcc/arm-none-eabi/13.3.1/thumb/v7e-m+fp/hard/crtend.o

.igot.plt       0x20000010        0x0 load address 0x08004668
 .igot.plt      0x20000010        0x0 /Applications/ArmGNUToolchain/13.3.rel1/arm-none-eabi/bin/../lib/gcc/arm-none-eabi/13.3.1/thumb/v7e-m+fp/hard/crtbegin.o
                0x20000010                        . = ALIGN (0x4)

.bss            0x20000010      0x110 load address 0x08004668
                0x20000010                        _sbss = .
                0x20000010                        __bss_start__ = _sbss
 *(.bss)
 *(.bss*)
 .bss.completed.1
                0x20000010        0x1 /Applications/ArmGNUToolchain/13.3.rel1/arm-none-eabi/bin/../lib/gcc/arm-none-eabi/13.3.1/thumb/v7e-m+fp/hard/crtbegin.o
 *fill*         0x20000011        0x3 
 .bss.object.0  0x20000014       0x18 /Applications/ArmGNUToolchain/13.3.rel1/arm-none-eabi/bin/../lib/gcc/arm-none-eabi/13.3.1/thumb/v7e-m+fp/hard/crtbegin.o
 .bss.htim1     0x2000002c       0x4c CMakeFiles/Stepper-Motor-Rotation-Stand.dir/Core/Src/main.c.obj
                0x2000002c                htim1
 .bss.huart2    0x20000078       0x88 CMakeFiles/Stepper-Motor-Rotation-Stand.dir/Core/Src/main.c.obj
                0x20000078                huart2
 .bss.stepperMotor
                0x20000100       0x1c CMakeFiles/Stepper-Motor-Rotation-Stand.dir/Core/Src/main.c.obj
                0x20000100                stepperMotor
 .bss.uwTick    0x2000011c        0x4 CMakeFiles/Stepper-Motor-Rotation-Stand.dir/Drivers/STM32L4xx_HAL_Driver/Src/stm32l4xx_hal.c.obj
                0x2000011c                uwTick
 *(COMMON)
                0x20000120                        . = ALIGN (0x4)
                0x20000120                        _ebss = .
                0x20000120                        __bss_end__ = _ebss

._user_heap_stack
                0x20000120      0x600 load address 0x08004668
                0x20000120                        . = ALIGN (0x8)
                [!provide]                        PROVIDE (end = .)
                0x20000120                        PROVIDE (_end = .)
                0x20000320                        . = (. + _Min_Heap_Size)
 *fill*         0x20000120      0x200 
                0x20000720                        . = (. + _Min_Stack_Size)
 *fill*         0x20000320      0x400 
                0x20000720                        . = ALIGN (0x8)

/DISCARD/
 libc.a(*)
 libm.a(*)
 libgcc.a(*)

.ARM.attributes
                0x00000000       0x30
 *(.ARM.attributes)
 .ARM.attributes
                0x00000000       0x22 /Applications/ArmGNUToolchain/13.3.rel1/arm-none-eabi/bin/../lib/gcc/arm-none-eabi/13.3.1/thumb/v7e-m+fp/hard/crti.o
 .ARM.attributes
                0x00000022       0x34 /Applications/ArmGNUToolchain/13.3.rel1/arm-none-eabi/bin/../lib/gcc/arm-none-eabi/13.3.1/thumb/v7e-m+fp/hard/crtbegin.o
 .ARM.attributes
                0x00000056       0x34 /Applications/ArmGNUToolchain/13.3.rel1/arm-none-eabi/bin/../lib/gcc/arm-none-eabi/13.3.1/../../../../arm-none-eabi/lib/thumb/v7e-m+fp/hard/libc_nano.a(libc_a-memset.o)
 .ARM.attributes
                0x0000008a       0x34 /Applications/ArmGNUToolchain/13.3.rel1/arm-none-eabi/bin/../lib/gcc/arm-none-eabi/13.3.1/../../../../arm-none-eabi/lib/thumb/v7e-m+fp/hard/libc_nano.a(libc_a-init.o)
 .ARM.attributes
                0x000000be       0x34 CMakeFiles/Stepper-Motor-Rotation-Stand.dir/Core/Src/main.c.obj
 .ARM.attributes
                0x000000f2       0x34 CMakeFiles/Stepper-Motor-Rotation-Stand.dir/Core/Src/stm32l4xx_it.c.obj
 .ARM.attributes
                0x00000126       0x34 CMakeFiles/Stepper-Motor-Rotation-Stand.dir/Core/Src/stm32l4xx_hal_msp.c.obj
 .ARM.attributes
                0x0000015a       0x34 CMakeFiles/Stepper-Motor-Rotation-Stand.dir/Drivers/STM32L4xx_HAL_Driver/Src/stm32l4xx_hal_tim.c.obj
 .ARM.attributes
                0x0000018e       0x34 CMakeFiles/Stepper-Motor-Rotation-Stand.dir/Drivers/STM32L4xx_HAL_Driver/Src/stm32l4xx_hal_tim_ex.c.obj
 .ARM.attributes
                0x000001c2       0x34 CMakeFiles/Stepper-Motor-Rotation-Stand.dir/Drivers/STM32L4xx_HAL_Driver/Src/stm32l4xx_hal.c.obj
 .ARM.attributes
                0x000001f6       0x34 CMakeFiles/Stepper-Motor-Rotation-Stand.dir/Drivers/STM32L4xx_HAL_Driver/Src/stm32l4xx_hal_rcc.c.obj
 .ARM.attributes
                0x0000022a       0x34 CMakeFiles/Stepper-Motor-Rotation-Stand.dir/Drivers/STM32L4xx_HAL_Driver/Src/stm32l4xx_hal_rcc_ex.c.obj
 .ARM.attributes
                0x0000025e       0x34 CMakeFiles/Stepper-Motor-Rotation-Stand.dir/Drivers/STM32L4xx_HAL_Driver/Src/stm32l4xx_hal_gpio.c.obj
 .ARM.attributes
                0x00000292       0x34 CMakeFiles/Stepper-Motor-Rotation-Stand.dir/Drivers/STM32L4xx_HAL_Driver/Src/stm32l4xx_hal_pwr_ex.c.obj
 .ARM.attributes
                0x000002c6       0x34 CMakeFiles/Stepper-Motor-Rotation-Stand.dir/Drivers/STM32L4xx_HAL_Driver/Src/stm32l4xx_hal_cortex.c.obj
 .ARM.attributes
                0x000002fa       0x34 CMakeFiles/Stepper-Motor-Rotation-Stand.dir/Drivers/STM32L4xx_HAL_Driver/Src/stm32l4xx_hal_uart.c.obj
 .ARM.attributes
                0x0000032e       0x34 CMakeFiles/Stepper-Motor-Rotation-Stand.dir/Core/Src/system_stm32l4xx.c.obj
 .ARM.attributes
                0x00000362       0x34 CMakeFiles/Stepper-Motor-Rotation-Stand.dir/Core/Src/StepMotor_lib.c.obj
 .ARM.attributes
                0x00000396       0x21 CMakeFiles/Stepper-Motor-Rotation-Stand.dir/startup_stm32l476xx.s.obj
 .ARM.attributes
                0x000003b7       0x22 /Applications/ArmGNUToolchain/13.3.rel1/arm-none-eabi/bin/../lib/gcc/arm-none-eabi/13.3.1/thumb/v7e-m+fp/hard/libgcc.a(_aeabi_uldivmod.o)
 .ARM.attributes
                0x000003d9       0x34 /Applications/ArmGNUToolchain/13.3.rel1/arm-none-eabi/bin/../lib/gcc/arm-none-eabi/13.3.1/thumb/v7e-m+fp/hard/libgcc.a(_udivmoddi4.o)
 .ARM.attributes
                0x0000040d       0x22 /Applications/ArmGNUToolchain/13.3.rel1/arm-none-eabi/bin/../lib/gcc/arm-none-eabi/13.3.1/thumb/v7e-m+fp/hard/libgcc.a(_dvmd_tls.o)
 .ARM.attributes
                0x0000042f       0x34 /Applications/ArmGNUToolchain/13.3.rel1/arm-none-eabi/bin/../lib/gcc/arm-none-eabi/13.3.1/thumb/v7e-m+fp/hard/crtend.o
 .ARM.attributes
                0x00000463       0x22 /Applications/ArmGNUToolchain/13.3.rel1/arm-none-eabi/bin/../lib/gcc/arm-none-eabi/13.3.1/thumb/v7e-m+fp/hard/crtn.o
OUTPUT(Stepper-Motor-Rotation-Stand.elf elf32-littlearm)
LOAD linker stubs
LOAD /Applications/ArmGNUToolchain/13.3.rel1/arm-none-eabi/bin/../lib/gcc/arm-none-eabi/13.3.1/../../../../arm-none-eabi/lib/thumb/v7e-m+fp/hard/libc.a
LOAD /Applications/ArmGNUToolchain/13.3.rel1/arm-none-eabi/bin/../lib/gcc/arm-none-eabi/13.3.1/../../../../arm-none-eabi/lib/thumb/v7e-m+fp/hard/libm.a
LOAD /Applications/ArmGNUToolchain/13.3.rel1/arm-none-eabi/bin/../lib/gcc/arm-none-eabi/13.3.1/thumb/v7e-m+fp/hard/libgcc.a

.debug_frame    0x00000000     0x3c9c
 .debug_frame   0x00000000       0x20 /Applications/ArmGNUToolchain/13.3.rel1/arm-none-eabi/bin/../lib/gcc/arm-none-eabi/13.3.1/../../../../arm-none-eabi/lib/thumb/v7e-m+fp/hard/libc_nano.a(libc_a-memset.o)
 .debug_frame   0x00000020       0x2c /Applications/ArmGNUToolchain/13.3.rel1/arm-none-eabi/bin/../lib/gcc/arm-none-eabi/13.3.1/../../../../arm-none-eabi/lib/thumb/v7e-m+fp/hard/libc_nano.a(libc_a-init.o)
 .debug_frame   0x0000004c       0xf4 CMakeFiles/Stepper-Motor-Rotation-Stand.dir/Core/Src/main.c.obj
 .debug_frame   0x00000140      0x104 CMakeFiles/Stepper-Motor-Rotation-Stand.dir/Core/Src/stm32l4xx_it.c.obj
 .debug_frame   0x00000244       0xf8 CMakeFiles/Stepper-Motor-Rotation-Stand.dir/Core/Src/stm32l4xx_hal_msp.c.obj
 .debug_frame   0x0000033c     0x121c CMakeFiles/Stepper-Motor-Rotation-Stand.dir/Drivers/STM32L4xx_HAL_Driver/Src/stm32l4xx_hal_tim.c.obj
 .debug_frame   0x00001558      0x6b0 CMakeFiles/Stepper-Motor-Rotation-Stand.dir/Drivers/STM32L4xx_HAL_Driver/Src/stm32l4xx_hal_tim_ex.c.obj
 .debug_frame   0x00001c08      0x498 CMakeFiles/Stepper-Motor-Rotation-Stand.dir/Drivers/STM32L4xx_HAL_Driver/Src/stm32l4xx_hal.c.obj
 .debug_frame   0x000020a0      0x21c CMakeFiles/Stepper-Motor-Rotation-Stand.dir/Drivers/STM32L4xx_HAL_Driver/Src/stm32l4xx_hal_rcc.c.obj
 .debug_frame   0x000022bc      0x2fc CMakeFiles/Stepper-Motor-Rotation-Stand.dir/Drivers/STM32L4xx_HAL_Driver/Src/stm32l4xx_hal_rcc_ex.c.obj
 .debug_frame   0x000025b8      0x14c CMakeFiles/Stepper-Motor-Rotation-Stand.dir/Drivers/STM32L4xx_HAL_Driver/Src/stm32l4xx_hal_gpio.c.obj
 .debug_frame   0x00002704      0x584 CMakeFiles/Stepper-Motor-Rotation-Stand.dir/Drivers/STM32L4xx_HAL_Driver/Src/stm32l4xx_hal_pwr_ex.c.obj
 .debug_frame   0x00002c88      0x4e8 CMakeFiles/Stepper-Motor-Rotation-Stand.dir/Drivers/STM32L4xx_HAL_Driver/Src/stm32l4xx_hal_cortex.c.obj
 .debug_frame   0x00003170      0x9f4 CMakeFiles/Stepper-Motor-Rotation-Stand.dir/Drivers/STM32L4xx_HAL_Driver/Src/stm32l4xx_hal_uart.c.obj
 .debug_frame   0x00003b64       0x58 CMakeFiles/Stepper-Motor-Rotation-Stand.dir/Core/Src/system_stm32l4xx.c.obj
 .debug_frame   0x00003bbc       0x80 CMakeFiles/Stepper-Motor-Rotation-Stand.dir/Core/Src/StepMotor_lib.c.obj
 .debug_frame   0x00003c3c       0x2c /Applications/ArmGNUToolchain/13.3.rel1/arm-none-eabi/bin/../lib/gcc/arm-none-eabi/13.3.1/thumb/v7e-m+fp/hard/libgcc.a(_aeabi_uldivmod.o)
 .debug_frame   0x00003c68       0x34 /Applications/ArmGNUToolchain/13.3.rel1/arm-none-eabi/bin/../lib/gcc/arm-none-eabi/13.3.1/thumb/v7e-m+fp/hard/libgcc.a(_udivmoddi4.o)

.debug_info     0x00000000     0xf7bb
 .debug_info    0x00000000     0x14e4 CMakeFiles/Stepper-Motor-Rotation-Stand.dir/Core/Src/main.c.obj
 .debug_info    0x000014e4      0x113 CMakeFiles/Stepper-Motor-Rotation-Stand.dir/Core/Src/stm32l4xx_it.c.obj
 .debug_info    0x000015f7     0x1152 CMakeFiles/Stepper-Motor-Rotation-Stand.dir/Core/Src/stm32l4xx_hal_msp.c.obj
 .debug_info    0x00002749     0x2a9a CMakeFiles/Stepper-Motor-Rotation-Stand.dir/Drivers/STM32L4xx_HAL_Driver/Src/stm32l4xx_hal_tim.c.obj
 .debug_info    0x000051e3     0x169e CMakeFiles/Stepper-Motor-Rotation-Stand.dir/Drivers/STM32L4xx_HAL_Driver/Src/stm32l4xx_hal_tim_ex.c.obj
 .debug_info    0x00006881      0xc09 CMakeFiles/Stepper-Motor-Rotation-Stand.dir/Drivers/STM32L4xx_HAL_Driver/Src/stm32l4xx_hal.c.obj
 .debug_info    0x0000748a      0xc14 CMakeFiles/Stepper-Motor-Rotation-Stand.dir/Drivers/STM32L4xx_HAL_Driver/Src/stm32l4xx_hal_rcc.c.obj
 .debug_info    0x0000809e      0xe11 CMakeFiles/Stepper-Motor-Rotation-Stand.dir/Drivers/STM32L4xx_HAL_Driver/Src/stm32l4xx_hal_rcc_ex.c.obj
 .debug_info    0x00008eaf      0x757 CMakeFiles/Stepper-Motor-Rotation-Stand.dir/Drivers/STM32L4xx_HAL_Driver/Src/stm32l4xx_hal_gpio.c.obj
 .debug_info    0x00009606      0x99e CMakeFiles/Stepper-Motor-Rotation-Stand.dir/Drivers/STM32L4xx_HAL_Driver/Src/stm32l4xx_hal_pwr_ex.c.obj
 .debug_info    0x00009fa4      0xd81 CMakeFiles/Stepper-Motor-Rotation-Stand.dir/Drivers/STM32L4xx_HAL_Driver/Src/stm32l4xx_hal_cortex.c.obj
 .debug_info    0x0000ad25     0x3b69 CMakeFiles/Stepper-Motor-Rotation-Stand.dir/Drivers/STM32L4xx_HAL_Driver/Src/stm32l4xx_hal_uart.c.obj
 .debug_info    0x0000e88e      0x5b1 CMakeFiles/Stepper-Motor-Rotation-Stand.dir/Core/Src/system_stm32l4xx.c.obj
 .debug_info    0x0000ee3f      0x94c CMakeFiles/Stepper-Motor-Rotation-Stand.dir/Core/Src/StepMotor_lib.c.obj
 .debug_info    0x0000f78b       0x30 CMakeFiles/Stepper-Motor-Rotation-Stand.dir/startup_stm32l476xx.s.obj

.debug_abbrev   0x00000000     0x1e69
 .debug_abbrev  0x00000000      0x2b6 CMakeFiles/Stepper-Motor-Rotation-Stand.dir/Core/Src/main.c.obj
 .debug_abbrev  0x000002b6       0x73 CMakeFiles/Stepper-Motor-Rotation-Stand.dir/Core/Src/stm32l4xx_it.c.obj
 .debug_abbrev  0x00000329      0x205 CMakeFiles/Stepper-Motor-Rotation-Stand.dir/Core/Src/stm32l4xx_hal_msp.c.obj
 .debug_abbrev  0x0000052e      0x278 CMakeFiles/Stepper-Motor-Rotation-Stand.dir/Drivers/STM32L4xx_HAL_Driver/Src/stm32l4xx_hal_tim.c.obj
 .debug_abbrev  0x000007a6      0x283 CMakeFiles/Stepper-Motor-Rotation-Stand.dir/Drivers/STM32L4xx_HAL_Driver/Src/stm32l4xx_hal_tim_ex.c.obj
 .debug_abbrev  0x00000a29      0x243 CMakeFiles/Stepper-Motor-Rotation-Stand.dir/Drivers/STM32L4xx_HAL_Driver/Src/stm32l4xx_hal.c.obj
 .debug_abbrev  0x00000c6c      0x2cb CMakeFiles/Stepper-Motor-Rotation-Stand.dir/Drivers/STM32L4xx_HAL_Driver/Src/stm32l4xx_hal_rcc.c.obj
 .debug_abbrev  0x00000f37      0x2a6 CMakeFiles/Stepper-Motor-Rotation-Stand.dir/Drivers/STM32L4xx_HAL_Driver/Src/stm32l4xx_hal_rcc_ex.c.obj
 .debug_abbrev  0x000011dd      0x1cb CMakeFiles/Stepper-Motor-Rotation-Stand.dir/Drivers/STM32L4xx_HAL_Driver/Src/stm32l4xx_hal_gpio.c.obj
 .debug_abbrev  0x000013a8      0x1f9 CMakeFiles/Stepper-Motor-Rotation-Stand.dir/Drivers/STM32L4xx_HAL_Driver/Src/stm32l4xx_hal_pwr_ex.c.obj
 .debug_abbrev  0x000015a1      0x31c CMakeFiles/Stepper-Motor-Rotation-Stand.dir/Drivers/STM32L4xx_HAL_Driver/Src/stm32l4xx_hal_cortex.c.obj
 .debug_abbrev  0x000018bd      0x2d0 CMakeFiles/Stepper-Motor-Rotation-Stand.dir/Drivers/STM32L4xx_HAL_Driver/Src/stm32l4xx_hal_uart.c.obj
 .debug_abbrev  0x00001b8d      0x11a CMakeFiles/Stepper-Motor-Rotation-Stand.dir/Core/Src/system_stm32l4xx.c.obj
 .debug_abbrev  0x00001ca7      0x19e CMakeFiles/Stepper-Motor-Rotation-Stand.dir/Core/Src/StepMotor_lib.c.obj
 .debug_abbrev  0x00001e45       0x24 CMakeFiles/Stepper-Motor-Rotation-Stand.dir/startup_stm32l476xx.s.obj

.debug_aranges  0x00000000      0xe60
 .debug_aranges
                0x00000000       0x50 CMakeFiles/Stepper-Motor-Rotation-Stand.dir/Core/Src/main.c.obj
 .debug_aranges
                0x00000050       0x60 CMakeFiles/Stepper-Motor-Rotation-Stand.dir/Core/Src/stm32l4xx_it.c.obj
 .debug_aranges
                0x000000b0       0x48 CMakeFiles/Stepper-Motor-Rotation-Stand.dir/Core/Src/stm32l4xx_hal_msp.c.obj
 .debug_aranges
                0x000000f8      0x3e0 CMakeFiles/Stepper-Motor-Rotation-Stand.dir/Drivers/STM32L4xx_HAL_Driver/Src/stm32l4xx_hal_tim.c.obj
 .debug_aranges
                0x000004d8      0x180 CMakeFiles/Stepper-Motor-Rotation-Stand.dir/Drivers/STM32L4xx_HAL_Driver/Src/stm32l4xx_hal_tim_ex.c.obj
 .debug_aranges
                0x00000658      0x130 CMakeFiles/Stepper-Motor-Rotation-Stand.dir/Drivers/STM32L4xx_HAL_Driver/Src/stm32l4xx_hal.c.obj
 .debug_aranges
                0x00000788       0x90 CMakeFiles/Stepper-Motor-Rotation-Stand.dir/Drivers/STM32L4xx_HAL_Driver/Src/stm32l4xx_hal_rcc.c.obj
 .debug_aranges
                0x00000818       0xc0 CMakeFiles/Stepper-Motor-Rotation-Stand.dir/Drivers/STM32L4xx_HAL_Driver/Src/stm32l4xx_hal_rcc_ex.c.obj
 .debug_aranges
                0x000008d8       0x58 CMakeFiles/Stepper-Motor-Rotation-Stand.dir/Drivers/STM32L4xx_HAL_Driver/Src/stm32l4xx_hal_gpio.c.obj
 .debug_aranges
                0x00000930      0x160 CMakeFiles/Stepper-Motor-Rotation-Stand.dir/Drivers/STM32L4xx_HAL_Driver/Src/stm32l4xx_hal_pwr_ex.c.obj
 .debug_aranges
                0x00000a90      0x128 CMakeFiles/Stepper-Motor-Rotation-Stand.dir/Drivers/STM32L4xx_HAL_Driver/Src/stm32l4xx_hal_cortex.c.obj
 .debug_aranges
                0x00000bb8      0x228 CMakeFiles/Stepper-Motor-Rotation-Stand.dir/Drivers/STM32L4xx_HAL_Driver/Src/stm32l4xx_hal_uart.c.obj
 .debug_aranges
                0x00000de0       0x28 CMakeFiles/Stepper-Motor-Rotation-Stand.dir/Core/Src/system_stm32l4xx.c.obj
 .debug_aranges
                0x00000e08       0x30 CMakeFiles/Stepper-Motor-Rotation-Stand.dir/Core/Src/StepMotor_lib.c.obj
 .debug_aranges
                0x00000e38       0x28 CMakeFiles/Stepper-Motor-Rotation-Stand.dir/startup_stm32l476xx.s.obj

.debug_rnglists
                0x00000000      0xb41
 .debug_rnglists
                0x00000000       0x3a CMakeFiles/Stepper-Motor-Rotation-Stand.dir/Core/Src/main.c.obj
 .debug_rnglists
                0x0000003a       0x43 CMakeFiles/Stepper-Motor-Rotation-Stand.dir/Core/Src/stm32l4xx_it.c.obj
 .debug_rnglists
                0x0000007d       0x32 CMakeFiles/Stepper-Motor-Rotation-Stand.dir/Core/Src/stm32l4xx_hal_msp.c.obj
 .debug_rnglists
                0x000000af      0x328 CMakeFiles/Stepper-Motor-Rotation-Stand.dir/Drivers/STM32L4xx_HAL_Driver/Src/stm32l4xx_hal_tim.c.obj
 .debug_rnglists
                0x000003d7      0x139 CMakeFiles/Stepper-Motor-Rotation-Stand.dir/Drivers/STM32L4xx_HAL_Driver/Src/stm32l4xx_hal_tim_ex.c.obj
 .debug_rnglists
                0x00000510       0xdf CMakeFiles/Stepper-Motor-Rotation-Stand.dir/Drivers/STM32L4xx_HAL_Driver/Src/stm32l4xx_hal.c.obj
 .debug_rnglists
                0x000005ef       0x6d CMakeFiles/Stepper-Motor-Rotation-Stand.dir/Drivers/STM32L4xx_HAL_Driver/Src/stm32l4xx_hal_rcc.c.obj
 .debug_rnglists
                0x0000065c       0x95 CMakeFiles/Stepper-Motor-Rotation-Stand.dir/Drivers/STM32L4xx_HAL_Driver/Src/stm32l4xx_hal_rcc_ex.c.obj
 .debug_rnglists
                0x000006f1       0x3f CMakeFiles/Stepper-Motor-Rotation-Stand.dir/Drivers/STM32L4xx_HAL_Driver/Src/stm32l4xx_hal_gpio.c.obj
 .debug_rnglists
                0x00000730      0x109 CMakeFiles/Stepper-Motor-Rotation-Stand.dir/Drivers/STM32L4xx_HAL_Driver/Src/stm32l4xx_hal_pwr_ex.c.obj
 .debug_rnglists
                0x00000839       0xda CMakeFiles/Stepper-Motor-Rotation-Stand.dir/Drivers/STM32L4xx_HAL_Driver/Src/stm32l4xx_hal_cortex.c.obj
 .debug_rnglists
                0x00000913      0x1db CMakeFiles/Stepper-Motor-Rotation-Stand.dir/Drivers/STM32L4xx_HAL_Driver/Src/stm32l4xx_hal_uart.c.obj
 .debug_rnglists
                0x00000aee       0x1a CMakeFiles/Stepper-Motor-Rotation-Stand.dir/Core/Src/system_stm32l4xx.c.obj
 .debug_rnglists
                0x00000b08       0x20 CMakeFiles/Stepper-Motor-Rotation-Stand.dir/Core/Src/StepMotor_lib.c.obj
 .debug_rnglists
                0x00000b28       0x19 CMakeFiles/Stepper-Motor-Rotation-Stand.dir/startup_stm32l476xx.s.obj

.debug_macro    0x00000000    0x25f2d
 .debug_macro   0x00000000      0x1d9 CMakeFiles/Stepper-Motor-Rotation-Stand.dir/Core/Src/main.c.obj
 .debug_macro   0x000001d9      0xad8 CMakeFiles/Stepper-Motor-Rotation-Stand.dir/Core/Src/main.c.obj
 .debug_macro   0x00000cb1      0x1a7 CMakeFiles/Stepper-Motor-Rotation-Stand.dir/Core/Src/main.c.obj
 .debug_macro   0x00000e58       0x2e CMakeFiles/Stepper-Motor-Rotation-Stand.dir/Core/Src/main.c.obj
 .debug_macro   0x00000e86       0x28 CMakeFiles/Stepper-Motor-Rotation-Stand.dir/Core/Src/main.c.obj
 .debug_macro   0x00000eae       0x22 CMakeFiles/Stepper-Motor-Rotation-Stand.dir/Core/Src/main.c.obj
 .debug_macro   0x00000ed0       0x8e CMakeFiles/Stepper-Motor-Rotation-Stand.dir/Core/Src/main.c.obj
 .debug_macro   0x00000f5e       0x51 CMakeFiles/Stepper-Motor-Rotation-Stand.dir/Core/Src/main.c.obj
 .debug_macro   0x00000faf      0x103 CMakeFiles/Stepper-Motor-Rotation-Stand.dir/Core/Src/main.c.obj
 .debug_macro   0x000010b2       0x6a CMakeFiles/Stepper-Motor-Rotation-Stand.dir/Core/Src/main.c.obj
 .debug_macro   0x0000111c      0x1df CMakeFiles/Stepper-Motor-Rotation-Stand.dir/Core/Src/main.c.obj
 .debug_macro   0x000012fb       0x1c CMakeFiles/Stepper-Motor-Rotation-Stand.dir/Core/Src/main.c.obj
 .debug_macro   0x00001317       0x22 CMakeFiles/Stepper-Motor-Rotation-Stand.dir/Core/Src/main.c.obj
 .debug_macro   0x00001339       0xfb CMakeFiles/Stepper-Motor-Rotation-Stand.dir/Core/Src/main.c.obj
 .debug_macro   0x00001434     0x1011 CMakeFiles/Stepper-Motor-Rotation-Stand.dir/Core/Src/main.c.obj
 .debug_macro   0x00002445      0x11f CMakeFiles/Stepper-Motor-Rotation-Stand.dir/Core/Src/main.c.obj
 .debug_macro   0x00002564    0x1a17a CMakeFiles/Stepper-Motor-Rotation-Stand.dir/Core/Src/main.c.obj
 .debug_macro   0x0001c6de       0x6d CMakeFiles/Stepper-Motor-Rotation-Stand.dir/Core/Src/main.c.obj
 .debug_macro   0x0001c74b     0x38fb CMakeFiles/Stepper-Motor-Rotation-Stand.dir/Core/Src/main.c.obj
 .debug_macro   0x00020046      0x190 CMakeFiles/Stepper-Motor-Rotation-Stand.dir/Core/Src/main.c.obj
 .debug_macro   0x000201d6       0x5c CMakeFiles/Stepper-Motor-Rotation-Stand.dir/Core/Src/main.c.obj
 .debug_macro   0x00020232     0x159e CMakeFiles/Stepper-Motor-Rotation-Stand.dir/Core/Src/main.c.obj
 .debug_macro   0x000217d0      0x5a5 CMakeFiles/Stepper-Motor-Rotation-Stand.dir/Core/Src/main.c.obj
 .debug_macro   0x00021d75      0x1b9 CMakeFiles/Stepper-Motor-Rotation-Stand.dir/Core/Src/main.c.obj
 .debug_macro   0x00021f2e      0x18b CMakeFiles/Stepper-Motor-Rotation-Stand.dir/Core/Src/main.c.obj
 .debug_macro   0x000220b9      0x26b CMakeFiles/Stepper-Motor-Rotation-Stand.dir/Core/Src/main.c.obj
 .debug_macro   0x00022324      0x23d CMakeFiles/Stepper-Motor-Rotation-Stand.dir/Core/Src/main.c.obj
 .debug_macro   0x00022561      0x241 CMakeFiles/Stepper-Motor-Rotation-Stand.dir/Core/Src/main.c.obj
 .debug_macro   0x000227a2      0x37c CMakeFiles/Stepper-Motor-Rotation-Stand.dir/Core/Src/main.c.obj
 .debug_macro   0x00022b1e       0xd6 CMakeFiles/Stepper-Motor-Rotation-Stand.dir/Core/Src/main.c.obj
 .debug_macro   0x00022bf4      0x122 CMakeFiles/Stepper-Motor-Rotation-Stand.dir/Core/Src/main.c.obj
 .debug_macro   0x00022d16      0x3ef CMakeFiles/Stepper-Motor-Rotation-Stand.dir/Core/Src/main.c.obj
 .debug_macro   0x00023105      0xa98 CMakeFiles/Stepper-Motor-Rotation-Stand.dir/Core/Src/main.c.obj
 .debug_macro   0x00023b9d      0x1e6 CMakeFiles/Stepper-Motor-Rotation-Stand.dir/Core/Src/main.c.obj
 .debug_macro   0x00023d83      0x5cf CMakeFiles/Stepper-Motor-Rotation-Stand.dir/Core/Src/main.c.obj
 .debug_macro   0x00024352       0x44 CMakeFiles/Stepper-Motor-Rotation-Stand.dir/Core/Src/main.c.obj
 .debug_macro   0x00024396      0x330 CMakeFiles/Stepper-Motor-Rotation-Stand.dir/Core/Src/main.c.obj
 .debug_macro   0x000246c6       0x58 CMakeFiles/Stepper-Motor-Rotation-Stand.dir/Core/Src/main.c.obj
 .debug_macro   0x0002471e      0x1d9 CMakeFiles/Stepper-Motor-Rotation-Stand.dir/Core/Src/stm32l4xx_it.c.obj
 .debug_macro   0x000248f7      0x1cf CMakeFiles/Stepper-Motor-Rotation-Stand.dir/Core/Src/stm32l4xx_hal_msp.c.obj
 .debug_macro   0x00024ac6      0x1c1 CMakeFiles/Stepper-Motor-Rotation-Stand.dir/Drivers/STM32L4xx_HAL_Driver/Src/stm32l4xx_hal_tim.c.obj
 .debug_macro   0x00024c87      0x1c0 CMakeFiles/Stepper-Motor-Rotation-Stand.dir/Drivers/STM32L4xx_HAL_Driver/Src/stm32l4xx_hal_tim_ex.c.obj
 .debug_macro   0x00024e47      0x20e CMakeFiles/Stepper-Motor-Rotation-Stand.dir/Drivers/STM32L4xx_HAL_Driver/Src/stm32l4xx_hal.c.obj
 .debug_macro   0x00025055      0x202 CMakeFiles/Stepper-Motor-Rotation-Stand.dir/Drivers/STM32L4xx_HAL_Driver/Src/stm32l4xx_hal_rcc.c.obj
 .debug_macro   0x00025257      0x1f6 CMakeFiles/Stepper-Motor-Rotation-Stand.dir/Drivers/STM32L4xx_HAL_Driver/Src/stm32l4xx_hal_rcc_ex.c.obj
 .debug_macro   0x0002544d      0x1c7 CMakeFiles/Stepper-Motor-Rotation-Stand.dir/Drivers/STM32L4xx_HAL_Driver/Src/stm32l4xx_hal_gpio.c.obj
 .debug_macro   0x00025614      0x1e4 CMakeFiles/Stepper-Motor-Rotation-Stand.dir/Drivers/STM32L4xx_HAL_Driver/Src/stm32l4xx_hal_pwr_ex.c.obj
 .debug_macro   0x000257f8      0x1c0 CMakeFiles/Stepper-Motor-Rotation-Stand.dir/Drivers/STM32L4xx_HAL_Driver/Src/stm32l4xx_hal_cortex.c.obj
 .debug_macro   0x000259b8      0x1eb CMakeFiles/Stepper-Motor-Rotation-Stand.dir/Drivers/STM32L4xx_HAL_Driver/Src/stm32l4xx_hal_uart.c.obj
 .debug_macro   0x00025ba3      0x1c0 CMakeFiles/Stepper-Motor-Rotation-Stand.dir/Core/Src/system_stm32l4xx.c.obj
 .debug_macro   0x00025d63      0x1ca CMakeFiles/Stepper-Motor-Rotation-Stand.dir/Core/Src/StepMotor_lib.c.obj

.debug_line     0x00000000    0x1054e
 .debug_line    0x00000000      0x920 CMakeFiles/Stepper-Motor-Rotation-Stand.dir/Core/Src/main.c.obj
 .debug_line    0x00000920      0x7c5 CMakeFiles/Stepper-Motor-Rotation-Stand.dir/Core/Src/stm32l4xx_it.c.obj
 .debug_line    0x000010e5      0x7e1 CMakeFiles/Stepper-Motor-Rotation-Stand.dir/Core/Src/stm32l4xx_hal_msp.c.obj
 .debug_line    0x000018c6     0x3e08 CMakeFiles/Stepper-Motor-Rotation-Stand.dir/Drivers/STM32L4xx_HAL_Driver/Src/stm32l4xx_hal_tim.c.obj
 .debug_line    0x000056ce     0x1b59 CMakeFiles/Stepper-Motor-Rotation-Stand.dir/Drivers/STM32L4xx_HAL_Driver/Src/stm32l4xx_hal_tim_ex.c.obj
 .debug_line    0x00007227      0xb1d CMakeFiles/Stepper-Motor-Rotation-Stand.dir/Drivers/STM32L4xx_HAL_Driver/Src/stm32l4xx_hal.c.obj
 .debug_line    0x00007d44     0x1071 CMakeFiles/Stepper-Motor-Rotation-Stand.dir/Drivers/STM32L4xx_HAL_Driver/Src/stm32l4xx_hal_rcc.c.obj
 .debug_line    0x00008db5     0x153e CMakeFiles/Stepper-Motor-Rotation-Stand.dir/Drivers/STM32L4xx_HAL_Driver/Src/stm32l4xx_hal_rcc_ex.c.obj
 .debug_line    0x0000a2f3      0xb70 CMakeFiles/Stepper-Motor-Rotation-Stand.dir/Drivers/STM32L4xx_HAL_Driver/Src/stm32l4xx_hal_gpio.c.obj
 .debug_line    0x0000ae63      0xcfe CMakeFiles/Stepper-Motor-Rotation-Stand.dir/Drivers/STM32L4xx_HAL_Driver/Src/stm32l4xx_hal_pwr_ex.c.obj
 .debug_line    0x0000bb61      0xcb7 CMakeFiles/Stepper-Motor-Rotation-Stand.dir/Drivers/STM32L4xx_HAL_Driver/Src/stm32l4xx_hal_cortex.c.obj
 .debug_line    0x0000c818     0x2d3f CMakeFiles/Stepper-Motor-Rotation-Stand.dir/Drivers/STM32L4xx_HAL_Driver/Src/stm32l4xx_hal_uart.c.obj
 .debug_line    0x0000f557      0x7b4 CMakeFiles/Stepper-Motor-Rotation-Stand.dir/Core/Src/system_stm32l4xx.c.obj
 .debug_line    0x0000fd0b      0x7c9 CMakeFiles/Stepper-Motor-Rotation-Stand.dir/Core/Src/StepMotor_lib.c.obj
 .debug_line    0x000104d4       0x7a CMakeFiles/Stepper-Motor-Rotation-Stand.dir/startup_stm32l476xx.s.obj

.debug_str      0x00000000    0xeed53
 .debug_str     0x00000000    0xeed53 CMakeFiles/Stepper-Motor-Rotation-Stand.dir/Core/Src/main.c.obj
                              0xeb18c (size before relaxing)
 .debug_str     0x000eed53    0xea32d CMakeFiles/Stepper-Motor-Rotation-Stand.dir/Core/Src/stm32l4xx_it.c.obj
 .debug_str     0x000eed53    0xeaf39 CMakeFiles/Stepper-Motor-Rotation-Stand.dir/Core/Src/stm32l4xx_hal_msp.c.obj
 .debug_str     0x000eed53    0xeb6d5 CMakeFiles/Stepper-Motor-Rotation-Stand.dir/Drivers/STM32L4xx_HAL_Driver/Src/stm32l4xx_hal_tim.c.obj
 .debug_str     0x000eed53    0xeafe9 CMakeFiles/Stepper-Motor-Rotation-Stand.dir/Drivers/STM32L4xx_HAL_Driver/Src/stm32l4xx_hal_tim_ex.c.obj
 .debug_str     0x000eed53    0xeaf94 CMakeFiles/Stepper-Motor-Rotation-Stand.dir/Drivers/STM32L4xx_HAL_Driver/Src/stm32l4xx_hal.c.obj
 .debug_str     0x000eed53    0xea9db CMakeFiles/Stepper-Motor-Rotation-Stand.dir/Drivers/STM32L4xx_HAL_Driver/Src/stm32l4xx_hal_rcc.c.obj
 .debug_str     0x000eed53    0xeab54 CMakeFiles/Stepper-Motor-Rotation-Stand.dir/Drivers/STM32L4xx_HAL_Driver/Src/stm32l4xx_hal_rcc_ex.c.obj
 .debug_str     0x000eed53    0xea50e CMakeFiles/Stepper-Motor-Rotation-Stand.dir/Drivers/STM32L4xx_HAL_Driver/Src/stm32l4xx_hal_gpio.c.obj
 .debug_str     0x000eed53    0xea8f0 CMakeFiles/Stepper-Motor-Rotation-Stand.dir/Drivers/STM32L4xx_HAL_Driver/Src/stm32l4xx_hal_pwr_ex.c.obj
 .debug_str     0x000eed53    0xeac0e CMakeFiles/Stepper-Motor-Rotation-Stand.dir/Drivers/STM32L4xx_HAL_Driver/Src/stm32l4xx_hal_cortex.c.obj
 .debug_str     0x000eed53    0xeb0ed CMakeFiles/Stepper-Motor-Rotation-Stand.dir/Drivers/STM32L4xx_HAL_Driver/Src/stm32l4xx_hal_uart.c.obj
 .debug_str     0x000eed53    0xea395 CMakeFiles/Stepper-Motor-Rotation-Stand.dir/Core/Src/system_stm32l4xx.c.obj
 .debug_str     0x000eed53    0xea807 CMakeFiles/Stepper-Motor-Rotation-Stand.dir/Core/Src/StepMotor_lib.c.obj
 .debug_str     0x000eed53       0xba CMakeFiles/Stepper-Motor-Rotation-Stand.dir/startup_stm32l476xx.s.obj

.comment        0x00000000       0x45
 .comment       0x00000000       0x45 CMakeFiles/Stepper-Motor-Rotation-Stand.dir/Core/Src/main.c.obj
                                 0x46 (size before relaxing)
 .comment       0x00000045       0x46 CMakeFiles/Stepper-Motor-Rotation-Stand.dir/Core/Src/stm32l4xx_it.c.obj
 .comment       0x00000045       0x46 CMakeFiles/Stepper-Motor-Rotation-Stand.dir/Core/Src/stm32l4xx_hal_msp.c.obj
 .comment       0x00000045       0x46 CMakeFiles/Stepper-Motor-Rotation-Stand.dir/Drivers/STM32L4xx_HAL_Driver/Src/stm32l4xx_hal_tim.c.obj
 .comment       0x00000045       0x46 CMakeFiles/Stepper-Motor-Rotation-Stand.dir/Drivers/STM32L4xx_HAL_Driver/Src/stm32l4xx_hal_tim_ex.c.obj
 .comment       0x00000045       0x46 CMakeFiles/Stepper-Motor-Rotation-Stand.dir/Drivers/STM32L4xx_HAL_Driver/Src/stm32l4xx_hal.c.obj
 .comment       0x00000045       0x46 CMakeFiles/Stepper-Motor-Rotation-Stand.dir/Drivers/STM32L4xx_HAL_Driver/Src/stm32l4xx_hal_rcc.c.obj
 .comment       0x00000045       0x46 CMakeFiles/Stepper-Motor-Rotation-Stand.dir/Drivers/STM32L4xx_HAL_Driver/Src/stm32l4xx_hal_rcc_ex.c.obj
 .comment       0x00000045       0x46 CMakeFiles/Stepper-Motor-Rotation-Stand.dir/Drivers/STM32L4xx_HAL_Driver/Src/stm32l4xx_hal_gpio.c.obj
 .comment       0x00000045       0x46 CMakeFiles/Stepper-Motor-Rotation-Stand.dir/Drivers/STM32L4xx_HAL_Driver/Src/stm32l4xx_hal_pwr_ex.c.obj
 .comment       0x00000045       0x46 CMakeFiles/Stepper-Motor-Rotation-Stand.dir/Drivers/STM32L4xx_HAL_Driver/Src/stm32l4xx_hal_cortex.c.obj
 .comment       0x00000045       0x46 CMakeFiles/Stepper-Motor-Rotation-Stand.dir/Drivers/STM32L4xx_HAL_Driver/Src/stm32l4xx_hal_uart.c.obj
 .comment       0x00000045       0x46 CMakeFiles/Stepper-Motor-Rotation-Stand.dir/Core/Src/system_stm32l4xx.c.obj
 .comment       0x00000045       0x46 CMakeFiles/Stepper-Motor-Rotation-Stand.dir/Core/Src/StepMotor_lib.c.obj

.debug_line_str
                0x00000000      0x17c
 .debug_line_str
                0x00000000      0x17c CMakeFiles/Stepper-Motor-Rotation-Stand.dir/startup_stm32l476xx.s.obj
                                 0x9e (size before relaxing)
 .debug_line_str
                0x0000017c       0xd2 /Applications/ArmGNUToolchain/13.3.rel1/arm-none-eabi/bin/../lib/gcc/arm-none-eabi/13.3.1/thumb/v7e-m+fp/hard/libgcc.a(_aeabi_uldivmod.o)
 .debug_line_str
                0x0000017c       0xd6 /Applications/ArmGNUToolchain/13.3.rel1/arm-none-eabi/bin/../lib/gcc/arm-none-eabi/13.3.1/thumb/v7e-m+fp/hard/libgcc.a(_dvmd_tls.o)
