Archive member included to satisfy reference by file (symbol)

/Applications/ArmGNUToolchain/13.3.rel1/arm-none-eabi/bin/../lib/gcc/arm-none-eabi/13.3.1/../../../../arm-none-eabi/lib/thumb/v7e-m+fp/hard/libc_nano.a(libc_a-exit.o)
                              /Applications/ArmGNUToolchain/13.3.rel1/arm-none-eabi/bin/../lib/gcc/arm-none-eabi/13.3.1/../../../../arm-none-eabi/lib/thumb/v7e-m+fp/hard/crt0.o (exit)
/Applications/ArmGNUToolchain/13.3.rel1/arm-none-eabi/bin/../lib/gcc/arm-none-eabi/13.3.1/../../../../arm-none-eabi/lib/thumb/v7e-m+fp/hard/libc_nano.a(libc_a-findfp.o)
                              /Applications/ArmGNUToolchain/13.3.rel1/arm-none-eabi/bin/../lib/gcc/arm-none-eabi/13.3.1/../../../../arm-none-eabi/lib/thumb/v7e-m+fp/hard/libc_nano.a(libc_a-exit.o) (__stdio_exit_handler)
/Applications/ArmGNUToolchain/13.3.rel1/arm-none-eabi/bin/../lib/gcc/arm-none-eabi/13.3.1/../../../../arm-none-eabi/lib/thumb/v7e-m+fp/hard/libc_nano.a(libc_a-fwalk.o)
                              /Applications/ArmGNUToolchain/13.3.rel1/arm-none-eabi/bin/../lib/gcc/arm-none-eabi/13.3.1/../../../../arm-none-eabi/lib/thumb/v7e-m+fp/hard/libc_nano.a(libc_a-findfp.o) (_fwalk_sglue)
/Applications/ArmGNUToolchain/13.3.rel1/arm-none-eabi/bin/../lib/gcc/arm-none-eabi/13.3.1/../../../../arm-none-eabi/lib/thumb/v7e-m+fp/hard/libc_nano.a(libc_a-memset.o)
                              /Applications/ArmGNUToolchain/13.3.rel1/arm-none-eabi/bin/../lib/gcc/arm-none-eabi/13.3.1/../../../../arm-none-eabi/lib/thumb/v7e-m+fp/hard/crt0.o (memset)
/Applications/ArmGNUToolchain/13.3.rel1/arm-none-eabi/bin/../lib/gcc/arm-none-eabi/13.3.1/../../../../arm-none-eabi/lib/thumb/v7e-m+fp/hard/libc_nano.a(libc_a-init.o)
                              /Applications/ArmGNUToolchain/13.3.rel1/arm-none-eabi/bin/../lib/gcc/arm-none-eabi/13.3.1/../../../../arm-none-eabi/lib/thumb/v7e-m+fp/hard/crt0.o (__libc_init_array)
/Applications/ArmGNUToolchain/13.3.rel1/arm-none-eabi/bin/../lib/gcc/arm-none-eabi/13.3.1/../../../../arm-none-eabi/lib/thumb/v7e-m+fp/hard/libc_nano.a(libc_a-lock.o)
                              /Applications/ArmGNUToolchain/13.3.rel1/arm-none-eabi/bin/../lib/gcc/arm-none-eabi/13.3.1/../../../../arm-none-eabi/lib/thumb/v7e-m+fp/hard/libc_nano.a(libc_a-findfp.o) (__retarget_lock_init_recursive)
/Applications/ArmGNUToolchain/13.3.rel1/arm-none-eabi/bin/../lib/gcc/arm-none-eabi/13.3.1/../../../../arm-none-eabi/lib/thumb/v7e-m+fp/hard/libc_nano.a(libc_a-impure.o)
                              /Applications/ArmGNUToolchain/13.3.rel1/arm-none-eabi/bin/../lib/gcc/arm-none-eabi/13.3.1/../../../../arm-none-eabi/lib/thumb/v7e-m+fp/hard/libc_nano.a(libc_a-findfp.o) (_impure_data)
/Applications/ArmGNUToolchain/13.3.rel1/arm-none-eabi/bin/../lib/gcc/arm-none-eabi/13.3.1/../../../../arm-none-eabi/lib/thumb/v7e-m+fp/hard/libc_nano.a(libc_a-mallocr.o)
                              /Applications/ArmGNUToolchain/13.3.rel1/arm-none-eabi/bin/../lib/gcc/arm-none-eabi/13.3.1/../../../../arm-none-eabi/lib/thumb/v7e-m+fp/hard/libc_nano.a(libc_a-findfp.o) (_malloc_r)
/Applications/ArmGNUToolchain/13.3.rel1/arm-none-eabi/bin/../lib/gcc/arm-none-eabi/13.3.1/../../../../arm-none-eabi/lib/thumb/v7e-m+fp/hard/libc_nano.a(libc_a-fflush.o)
                              /Applications/ArmGNUToolchain/13.3.rel1/arm-none-eabi/bin/../lib/gcc/arm-none-eabi/13.3.1/../../../../arm-none-eabi/lib/thumb/v7e-m+fp/hard/libc_nano.a(libc_a-findfp.o) (_fflush_r)
/Applications/ArmGNUToolchain/13.3.rel1/arm-none-eabi/bin/../lib/gcc/arm-none-eabi/13.3.1/../../../../arm-none-eabi/lib/thumb/v7e-m+fp/hard/libc_nano.a(libc_a-mlock.o)
                              /Applications/ArmGNUToolchain/13.3.rel1/arm-none-eabi/bin/../lib/gcc/arm-none-eabi/13.3.1/../../../../arm-none-eabi/lib/thumb/v7e-m+fp/hard/libc_nano.a(libc_a-mallocr.o) (__malloc_lock)
/Applications/ArmGNUToolchain/13.3.rel1/arm-none-eabi/bin/../lib/gcc/arm-none-eabi/13.3.1/../../../../arm-none-eabi/lib/thumb/v7e-m+fp/hard/libc_nano.a(libc_a-stdio.o)
                              /Applications/ArmGNUToolchain/13.3.rel1/arm-none-eabi/bin/../lib/gcc/arm-none-eabi/13.3.1/../../../../arm-none-eabi/lib/thumb/v7e-m+fp/hard/libc_nano.a(libc_a-findfp.o) (__sread)
/Applications/ArmGNUToolchain/13.3.rel1/arm-none-eabi/bin/../lib/gcc/arm-none-eabi/13.3.1/../../../../arm-none-eabi/lib/thumb/v7e-m+fp/hard/libc_nano.a(libc_a-lseekr.o)
                              /Applications/ArmGNUToolchain/13.3.rel1/arm-none-eabi/bin/../lib/gcc/arm-none-eabi/13.3.1/../../../../arm-none-eabi/lib/thumb/v7e-m+fp/hard/libc_nano.a(libc_a-stdio.o) (_lseek_r)
/Applications/ArmGNUToolchain/13.3.rel1/arm-none-eabi/bin/../lib/gcc/arm-none-eabi/13.3.1/../../../../arm-none-eabi/lib/thumb/v7e-m+fp/hard/libc_nano.a(libc_a-readr.o)
                              /Applications/ArmGNUToolchain/13.3.rel1/arm-none-eabi/bin/../lib/gcc/arm-none-eabi/13.3.1/../../../../arm-none-eabi/lib/thumb/v7e-m+fp/hard/libc_nano.a(libc_a-stdio.o) (_read_r)
[...]
Memory Configuration

Name             Origin             Length             Attributes
RAM              0x20000000         0x00018000         xrw
RAM2             0x10000000         0x00008000         xrw
FLASH            0x08000000         0x00100000         xr
*default*        0x00000000         0xffffffff

Linker script and memory map

LOAD /Applications/ArmGNUToolchain/13.3.rel1/arm-none-eabi/bin/../lib/gcc/arm-none-eabi/13.3.1/thumb/v7e-m+fp/hard/crti.o
LOAD /Applications/ArmGNUToolchain/13.3.rel1/arm-none-eabi/bin/../lib/gcc/arm-none-eabi/13.3.1/thumb/v7e-m+fp/hard/crtbegin.o
LOAD /Applications/ArmGNUToolchain/13.3.rel1/arm-none-eabi/bin/../lib/gcc/arm-none-eabi/13.3.1/../../../../arm-none-eabi/lib/thumb/v7e-m+fp/hard/crt0.o
START GROUP
LOAD /Applications/ArmGNUToolchain/13.3.rel1/arm-none-eabi/bin/../lib/gcc/arm-none-eabi/13.3.1/../../../../arm-none-eabi/lib/thumb/v7e-m+fp/hard/libc_nano.a
LOAD /Applications/ArmGNUToolchain/13.3.rel1/arm-none-eabi/bin/../lib/gcc/arm-none-eabi/13.3.1/../../../../arm-none-eabi/lib/thumb/v7e-m+fp/hard/libm.a
END GROUP
LOAD CMakeFiles/Stepper-Motor-Rotation-Stand.dir/Core/Src/main.c.obj
LOAD CMakeFiles/Stepper-Motor-Rotation-Stand.dir/Core/Src/stm32l4xx_it.c.obj
LOAD CMakeFiles/Stepper-Motor-Rotation-Stand.dir/Core/Src/stm32l4xx_hal_msp.c.obj
LOAD CMakeFiles/Stepper-Motor-Rotation-Stand.dir/Drivers/STM32L4xx_HAL_Driver/Src/stm32l4xx_hal_tim.c.obj
LOAD CMakeFiles/Stepper-Motor-Rotation-Stand.dir/Drivers/STM32L4xx_HAL_Driver/Src/stm32l4xx_hal_tim_ex.c.obj
LOAD CMakeFiles/Stepper-Motor-Rotation-Stand.dir/Drivers/STM32L4xx_HAL_Driver/Src/stm32l4xx_hal.c.obj
LOAD CMakeFiles/Stepper-Motor-Rotation-Stand.dir/Drivers/STM32L4xx_HAL_Driver/Src/stm32l4xx_hal_rcc.c.obj
LOAD CMakeFiles/Stepper-Motor-Rotation-Stand.dir/Drivers/STM32L4xx_HAL_Driver/Src/stm32l4xx_hal_rcc_ex.c.obj
LOAD CMakeFiles/Stepper-Motor-Rotation-Stand.dir/Drivers/STM32L4xx_HAL_Driver/Src/stm32l4xx_hal_flash.c.obj
LOAD CMakeFiles/Stepper-Motor-Rotation-Stand.dir/Drivers/STM32L4xx_HAL_Driver/Src/stm32l4xx_hal_flash_ex.c.obj
LOAD CMakeFiles/Stepper-Motor-Rotation-Stand.dir/Drivers/STM32L4xx_HAL_Driver/Src/stm32l4xx_hal_flash_ramfunc.c.obj
LOAD CMakeFiles/Stepper-Motor-Rotation-Stand.dir/Drivers/STM32L4xx_HAL_Driver/Src/stm32l4xx_hal_gpio.c.obj
LOAD CMakeFiles/Stepper-Motor-Rotation-Stand.dir/Drivers/STM32L4xx_HAL_Driver/Src/stm32l4xx_hal_i2c.c.obj
LOAD CMakeFiles/Stepper-Motor-Rotation-Stand.dir/Drivers/STM32L4xx_HAL_Driver/Src/stm32l4xx_hal_i2c_ex.c.obj
LOAD CMakeFiles/Stepper-Motor-Rotation-Stand.dir/Drivers/STM32L4xx_HAL_Driver/Src/stm32l4xx_hal_dma.c.obj
LOAD CMakeFiles/Stepper-Motor-Rotation-Stand.dir/Drivers/STM32L4xx_HAL_Driver/Src/stm32l4xx_hal_dma_ex.c.obj
LOAD CMakeFiles/Stepper-Motor-Rotation-Stand.dir/Drivers/STM32L4xx_HAL_Driver/Src/stm32l4xx_hal_pwr.c.obj
LOAD CMakeFiles/Stepper-Motor-Rotation-Stand.dir/Drivers/STM32L4xx_HAL_Driver/Src/stm32l4xx_hal_pwr_ex.c.obj
LOAD CMakeFiles/Stepper-Motor-Rotation-Stand.dir/Drivers/STM32L4xx_HAL_Driver/Src/stm32l4xx_hal_cortex.c.obj
LOAD CMakeFiles/Stepper-Motor-Rotation-Stand.dir/Drivers/STM32L4xx_HAL_Driver/Src/stm32l4xx_hal_exti.c.obj
LOAD CMakeFiles/Stepper-Motor-Rotation-Stand.dir/Drivers/STM32L4xx_HAL_Driver/Src/stm32l4xx_hal_uart.c.obj
LOAD CMakeFiles/Stepper-Motor-Rotation-Stand.dir/Drivers/STM32L4xx_HAL_Driver/Src/stm32l4xx_hal_uart_ex.c.obj
LOAD CMakeFiles/Stepper-Motor-Rotation-Stand.dir/Core/Src/system_stm32l4xx.c.obj
LOAD CMakeFiles/Stepper-Motor-Rotation-Stand.dir/Core/Src/sysmem.c.obj
LOAD CMakeFiles/Stepper-Motor-Rotation-Stand.dir/Core/Src/syscalls.c.obj
LOAD CMakeFiles/Stepper-Motor-Rotation-Stand.dir/Core/Src/StepMotor_lib.c.obj
LOAD CMakeFiles/Stepper-Motor-Rotation-Stand.dir/startup_stm32l476xx.s.obj
START GROUP
LOAD /Applications/ArmGNUToolchain/13.3.rel1/arm-none-eabi/bin/../lib/gcc/arm-none-eabi/13.3.1/thumb/v7e-m+fp/hard/libgcc.a
LOAD /Applications/ArmGNUToolchain/13.3.rel1/arm-none-eabi/bin/../lib/gcc/arm-none-eabi/13.3.1/../../../../arm-none-eabi/lib/thumb/v7e-m+fp/hard/libg_nano.a
LOAD /Applications/ArmGNUToolchain/13.3.rel1/arm-none-eabi/bin/../lib/gcc/arm-none-eabi/13.3.1/../../../../arm-none-eabi/lib/thumb/v7e-m+fp/hard/libc_nano.a
END GROUP
START GROUP
LOAD /Applications/ArmGNUToolchain/13.3.rel1/arm-none-eabi/bin/../lib/gcc/arm-none-eabi/13.3.1/thumb/v7e-m+fp/hard/libgcc.a
LOAD /Applications/ArmGNUToolchain/13.3.rel1/arm-none-eabi/bin/../lib/gcc/arm-none-eabi/13.3.1/../../../../arm-none-eabi/lib/thumb/v7e-m+fp/hard/libc_nano.a
END GROUP
LOAD /Applications/ArmGNUToolchain/13.3.rel1/arm-none-eabi/bin/../lib/gcc/arm-none-eabi/13.3.1/thumb/v7e-m+fp/hard/crtend.o
LOAD /Applications/ArmGNUToolchain/13.3.rel1/arm-none-eabi/bin/../lib/gcc/arm-none-eabi/13.3.1/thumb/v7e-m+fp/hard/crtn.o
                0x20018000                        _estack = (ORIGIN (RAM) + LENGTH (RAM))
                0x00000200                        _Min_Heap_Size = 0x200
                0x00000400                        _Min_Stack_Size = 0x400

.isr_vector     0x08000000      0x188
                0x08000000                        . = ALIGN (0x8)
 *(.isr_vector)
 .isr_vector    0x08000000      0x188 CMakeFiles/Stepper-Motor-Rotation-Stand.dir/startup_stm32l476xx.s.obj
                0x08000000                g_pfnVectors
                0x08000188                        . = ALIGN (0x8)

.text           0x08000188     0x43f8
                0x08000188                        . = ALIGN (0x8)
 *(.text)
 .text          0x08000188       0x30 /Applications/ArmGNUToolchain/13.3.rel1/arm-none-eabi/bin/../lib/gcc/arm-none-eabi/13.3.1/thumb/v7e-m+fp/hard/libgcc.a(_aeabi_uldivmod.o)
                0x08000188                __aeabi_uldivmod
 .text          0x080001b8        0x4 /Applications/ArmGNUToolchain/13.3.rel1/arm-none-eabi/bin/../lib/gcc/arm-none-eabi/13.3.1/thumb/v7e-m+fp/hard/libgcc.a(_dvmd_tls.o)
                0x080001b8                __aeabi_ldiv0
                0x080001b8                __aeabi_idiv0
 *(.text*)
 .text.deregister_tm_clones
                0x080001bc       0x1c /Applications/ArmGNUToolchain/13.3.rel1/arm-none-eabi/bin/../lib/gcc/arm-none-eabi/13.3.1/thumb/v7e-m+fp/hard/crtbegin.o
 .text.register_tm_clones
                0x080001d8       0x24 /Applications/ArmGNUToolchain/13.3.rel1/arm-none-eabi/bin/../lib/gcc/arm-none-eabi/13.3.1/thumb/v7e-m+fp/hard/crtbegin.o
 .text.__do_global_dtors_aux
                0x080001fc       0x28 /Applications/ArmGNUToolchain/13.3.rel1/arm-none-eabi/bin/../lib/gcc/arm-none-eabi/13.3.1/thumb/v7e-m+fp/hard/crtbegin.o
 .text.frame_dummy
                0x08000224       0x24 /Applications/ArmGNUToolchain/13.3.rel1/arm-none-eabi/bin/../lib/gcc/arm-none-eabi/13.3.1/thumb/v7e-m+fp/hard/crtbegin.o
 .text.memset   0x08000248       0x10 /Applications/ArmGNUToolchain/13.3.rel1/arm-none-eabi/bin/../lib/gcc/arm-none-eabi/13.3.1/../../../../arm-none-eabi/lib/thumb/v7e-m+fp/hard/libc_nano.a(libc_a-memset.o)
                0x08000248                memset
 .text.__libc_init_array
                0x08000258       0x48 /Applications/ArmGNUToolchain/13.3.rel1/arm-none-eabi/bin/../lib/gcc/arm-none-eabi/13.3.1/../../../../arm-none-eabi/lib/thumb/v7e-m+fp/hard/libc_nano.a(libc_a-init.o)
                0x08000258                __libc_init_array
 .text.main     0x080002a0       0x54 CMakeFiles/Stepper-Motor-Rotation-Stand.dir/Core/Src/main.c.obj
                0x080002a0                main
 .text.SystemClock_Config
                0x080002f4       0xa2 CMakeFiles/Stepper-Motor-Rotation-Stand.dir/Core/Src/main.c.obj
                0x080002f4                SystemClock_Config
 *fill*         0x08000396        0x2 
 .text.MX_TIM2_Init
                0x08000398       0xec CMakeFiles/Stepper-Motor-Rotation-Stand.dir/Core/Src/main.c.obj
 .text.MX_USART2_UART_Init
                0x08000484       0x60 CMakeFiles/Stepper-Motor-Rotation-Stand.dir/Core/Src/main.c.obj
 .text.MX_GPIO_Init
                0x080004e4       0xf8 CMakeFiles/Stepper-Motor-Rotation-Stand.dir/Core/Src/main.c.obj
 .text.Error_Handler
                0x080005dc        0xc CMakeFiles/Stepper-Motor-Rotation-Stand.dir/Core/Src/main.c.obj
                0x080005dc                Error_Handler
 .text.NMI_Handler
                0x080005e8        0x8 CMakeFiles/Stepper-Motor-Rotation-Stand.dir/Core/Src/stm32l4xx_it.c.obj
                0x080005e8                NMI_Handler
 .text.HardFault_Handler
                0x080005f0        0x8 CMakeFiles/Stepper-Motor-Rotation-Stand.dir/Core/Src/stm32l4xx_it.c.obj
                0x080005f0                HardFault_Handler
 .text.MemManage_Handler
                0x080005f8        0x8 CMakeFiles/Stepper-Motor-Rotation-Stand.dir/Core/Src/stm32l4xx_it.c.obj
                0x080005f8                MemManage_Handler
 .text.BusFault_Handler
                0x08000600        0x8 CMakeFiles/Stepper-Motor-Rotation-Stand.dir/Core/Src/stm32l4xx_it.c.obj
                0x08000600                BusFault_Handler
 .text.UsageFault_Handler
                0x08000608        0x8 CMakeFiles/Stepper-Motor-Rotation-Stand.dir/Core/Src/stm32l4xx_it.c.obj
                0x08000608                UsageFault_Handler
 .text.SVC_Handler
                0x08000610        0xe CMakeFiles/Stepper-Motor-Rotation-Stand.dir/Core/Src/stm32l4xx_it.c.obj
                0x08000610                SVC_Handler
 .text.DebugMon_Handler
                0x0800061e        0xe CMakeFiles/Stepper-Motor-Rotation-Stand.dir/Core/Src/stm32l4xx_it.c.obj
                0x0800061e                DebugMon_Handler
 .text.PendSV_Handler
                0x0800062c        0xe CMakeFiles/Stepper-Motor-Rotation-Stand.dir/Core/Src/stm32l4xx_it.c.obj
                0x0800062c                PendSV_Handler
 .text.SysTick_Handler
                0x0800063a        0xc CMakeFiles/Stepper-Motor-Rotation-Stand.dir/Core/Src/stm32l4xx_it.c.obj
                0x0800063a                SysTick_Handler
 *fill*         0x08000646        0x2 
 .text.HAL_MspInit
                0x08000648       0x48 CMakeFiles/Stepper-Motor-Rotation-Stand.dir/Core/Src/stm32l4xx_hal_msp.c.obj
                0x08000648                HAL_MspInit
 .text.HAL_TIM_Base_MspInit
                0x08000690       0x3c CMakeFiles/Stepper-Motor-Rotation-Stand.dir/Core/Src/stm32l4xx_hal_msp.c.obj
                0x08000690                HAL_TIM_Base_MspInit
 .text.HAL_TIM_MspPostInit
                0x080006cc       0x68 CMakeFiles/Stepper-Motor-Rotation-Stand.dir/Core/Src/stm32l4xx_hal_msp.c.obj
                0x080006cc                HAL_TIM_MspPostInit
 .text.HAL_UART_MspInit
                0x08000734       0xb8 CMakeFiles/Stepper-Motor-Rotation-Stand.dir/Core/Src/stm32l4xx_hal_msp.c.obj
                0x08000734                HAL_UART_MspInit
 .text.HAL_TIM_Base_Init
                0x080007ec       0xae CMakeFiles/Stepper-Motor-Rotation-Stand.dir/Drivers/STM32L4xx_HAL_Driver/Src/stm32l4xx_hal_tim.c.obj
                0x080007ec                HAL_TIM_Base_Init
 .text.HAL_TIM_PWM_Init
                0x0800089a       0xae CMakeFiles/Stepper-Motor-Rotation-Stand.dir/Drivers/STM32L4xx_HAL_Driver/Src/stm32l4xx_hal_tim.c.obj
                0x0800089a                HAL_TIM_PWM_Init
 .text.HAL_TIM_PWM_MspInit
                0x08000948       0x14 CMakeFiles/Stepper-Motor-Rotation-Stand.dir/Drivers/STM32L4xx_HAL_Driver/Src/stm32l4xx_hal_tim.c.obj
                0x08000948                HAL_TIM_PWM_MspInit
 .text.HAL_TIM_PWM_Start_IT
                0x0800095c      0x2a8 CMakeFiles/Stepper-Motor-Rotation-Stand.dir/Drivers/STM32L4xx_HAL_Driver/Src/stm32l4xx_hal_tim.c.obj
                0x0800095c                HAL_TIM_PWM_Start_IT
 .text.HAL_TIM_PWM_ConfigChannel
                0x08000c04      0x228 CMakeFiles/Stepper-Motor-Rotation-Stand.dir/Drivers/STM32L4xx_HAL_Driver/Src/stm32l4xx_hal_tim.c.obj
                0x08000c04                HAL_TIM_PWM_ConfigChannel
 .text.HAL_TIM_ConfigClockSource
                0x08000e2c      0x192 CMakeFiles/Stepper-Motor-Rotation-Stand.dir/Drivers/STM32L4xx_HAL_Driver/Src/stm32l4xx_hal_tim.c.obj
                0x08000e2c                HAL_TIM_ConfigClockSource
 *fill*         0x08000fbe        0x2 
 .text.TIM_Base_SetConfig
                0x08000fc0      0x14c CMakeFiles/Stepper-Motor-Rotation-Stand.dir/Drivers/STM32L4xx_HAL_Driver/Src/stm32l4xx_hal_tim.c.obj
                0x08000fc0                TIM_Base_SetConfig
 .text.TIM_OC1_SetConfig
                0x0800110c      0x120 CMakeFiles/Stepper-Motor-Rotation-Stand.dir/Drivers/STM32L4xx_HAL_Driver/Src/stm32l4xx_hal_tim.c.obj
 .text.TIM_OC2_SetConfig
                0x0800122c      0x114 CMakeFiles/Stepper-Motor-Rotation-Stand.dir/Drivers/STM32L4xx_HAL_Driver/Src/stm32l4xx_hal_tim.c.obj
                0x0800122c                TIM_OC2_SetConfig
 .text.TIM_OC3_SetConfig
                0x08001340      0x110 CMakeFiles/Stepper-Motor-Rotation-Stand.dir/Drivers/STM32L4xx_HAL_Driver/Src/stm32l4xx_hal_tim.c.obj
 .text.TIM_OC4_SetConfig
                0x08001450       0xd4 CMakeFiles/Stepper-Motor-Rotation-Stand.dir/Drivers/STM32L4xx_HAL_Driver/Src/stm32l4xx_hal_tim.c.obj
 .text.TIM_OC5_SetConfig
                0x08001524       0xc8 CMakeFiles/Stepper-Motor-Rotation-Stand.dir/Drivers/STM32L4xx_HAL_Driver/Src/stm32l4xx_hal_tim.c.obj
 .text.TIM_OC6_SetConfig
                0x080015ec       0xcc CMakeFiles/Stepper-Motor-Rotation-Stand.dir/Drivers/STM32L4xx_HAL_Driver/Src/stm32l4xx_hal_tim.c.obj
 .text.TIM_TI1_ConfigInputStage
                0x080016b8       0x5e CMakeFiles/Stepper-Motor-Rotation-Stand.dir/Drivers/STM32L4xx_HAL_Driver/Src/stm32l4xx_hal_tim.c.obj
 .text.TIM_TI2_ConfigInputStage
                0x08001716       0x60 CMakeFiles/Stepper-Motor-Rotation-Stand.dir/Drivers/STM32L4xx_HAL_Driver/Src/stm32l4xx_hal_tim.c.obj
 .text.TIM_ITRx_SetConfig
                0x08001776       0x36 CMakeFiles/Stepper-Motor-Rotation-Stand.dir/Drivers/STM32L4xx_HAL_Driver/Src/stm32l4xx_hal_tim.c.obj
 .text.TIM_ETR_SetConfig
                0x080017ac       0x40 CMakeFiles/Stepper-Motor-Rotation-Stand.dir/Drivers/STM32L4xx_HAL_Driver/Src/stm32l4xx_hal_tim.c.obj
                0x080017ac                TIM_ETR_SetConfig
 .text.TIM_CCxChannelCmd
                0x080017ec       0x4a CMakeFiles/Stepper-Motor-Rotation-Stand.dir/Drivers/STM32L4xx_HAL_Driver/Src/stm32l4xx_hal_tim.c.obj
                0x080017ec                TIM_CCxChannelCmd
 *fill*         0x08001836        0x2 
 .text.HAL_TIMEx_MasterConfigSynchronization
                0x08001838      0x110 CMakeFiles/Stepper-Motor-Rotation-Stand.dir/Drivers/STM32L4xx_HAL_Driver/Src/stm32l4xx_hal_tim_ex.c.obj
                0x08001838                HAL_TIMEx_MasterConfigSynchronization
 .text.HAL_Init
                0x08001948       0x40 CMakeFiles/Stepper-Motor-Rotation-Stand.dir/Drivers/STM32L4xx_HAL_Driver/Src/stm32l4xx_hal.c.obj
                0x08001948                HAL_Init
 .text.HAL_InitTick
                0x08001988       0x78 CMakeFiles/Stepper-Motor-Rotation-Stand.dir/Drivers/STM32L4xx_HAL_Driver/Src/stm32l4xx_hal.c.obj
                0x08001988                HAL_InitTick
 .text.HAL_IncTick
                0x08001a00       0x28 CMakeFiles/Stepper-Motor-Rotation-Stand.dir/Drivers/STM32L4xx_HAL_Driver/Src/stm32l4xx_hal.c.obj
                0x08001a00                HAL_IncTick
 .text.HAL_GetTick
                0x08001a28       0x18 CMakeFiles/Stepper-Motor-Rotation-Stand.dir/Drivers/STM32L4xx_HAL_Driver/Src/stm32l4xx_hal.c.obj
                0x08001a28                HAL_GetTick
 .text.HAL_RCC_OscConfig
                0x08001a40      0x7b8 CMakeFiles/Stepper-Motor-Rotation-Stand.dir/Drivers/STM32L4xx_HAL_Driver/Src/stm32l4xx_hal_rcc.c.obj
                0x08001a40                HAL_RCC_OscConfig
 .text.HAL_RCC_ClockConfig
                0x080021f8      0x200 CMakeFiles/Stepper-Motor-Rotation-Stand.dir/Drivers/STM32L4xx_HAL_Driver/Src/stm32l4xx_hal_rcc.c.obj
                0x080021f8                HAL_RCC_ClockConfig
 .text.HAL_RCC_GetSysClockFreq
                0x080023f8      0x118 CMakeFiles/Stepper-Motor-Rotation-Stand.dir/Drivers/STM32L4xx_HAL_Driver/Src/stm32l4xx_hal_rcc.c.obj
                0x080023f8                HAL_RCC_GetSysClockFreq
 .text.HAL_RCC_GetHCLKFreq
                0x08002510       0x18 CMakeFiles/Stepper-Motor-Rotation-Stand.dir/Drivers/STM32L4xx_HAL_Driver/Src/stm32l4xx_hal_rcc.c.obj
                0x08002510                HAL_RCC_GetHCLKFreq
 .text.HAL_RCC_GetPCLK1Freq
                0x08002528       0x2c CMakeFiles/Stepper-Motor-Rotation-Stand.dir/Drivers/STM32L4xx_HAL_Driver/Src/stm32l4xx_hal_rcc.c.obj
                0x08002528                HAL_RCC_GetPCLK1Freq
 .text.HAL_RCC_GetPCLK2Freq
                0x08002554       0x2c CMakeFiles/Stepper-Motor-Rotation-Stand.dir/Drivers/STM32L4xx_HAL_Driver/Src/stm32l4xx_hal_rcc.c.obj
                0x08002554                HAL_RCC_GetPCLK2Freq
 .text.RCC_SetFlashLatencyFromMSIRange
                0x08002580       0xc0 CMakeFiles/Stepper-Motor-Rotation-Stand.dir/Drivers/STM32L4xx_HAL_Driver/Src/stm32l4xx_hal_rcc.c.obj
 .text.HAL_RCCEx_PeriphCLKConfig
                0x08002640      0x5d4 CMakeFiles/Stepper-Motor-Rotation-Stand.dir/Drivers/STM32L4xx_HAL_Driver/Src/stm32l4xx_hal_rcc_ex.c.obj
                0x08002640                HAL_RCCEx_PeriphCLKConfig
 .text.RCCEx_PLLSAI1_Config
                0x08002c14      0x1e8 CMakeFiles/Stepper-Motor-Rotation-Stand.dir/Drivers/STM32L4xx_HAL_Driver/Src/stm32l4xx_hal_rcc_ex.c.obj
 .text.RCCEx_PLLSAI2_Config
                0x08002dfc      0x1bc CMakeFiles/Stepper-Motor-Rotation-Stand.dir/Drivers/STM32L4xx_HAL_Driver/Src/stm32l4xx_hal_rcc_ex.c.obj
 .text.HAL_GPIO_Init
                0x08002fb8      0x354 CMakeFiles/Stepper-Motor-Rotation-Stand.dir/Drivers/STM32L4xx_HAL_Driver/Src/stm32l4xx_hal_gpio.c.obj
                0x08002fb8                HAL_GPIO_Init
 .text.HAL_GPIO_WritePin
                0x0800330c       0x30 CMakeFiles/Stepper-Motor-Rotation-Stand.dir/Drivers/STM32L4xx_HAL_Driver/Src/stm32l4xx_hal_gpio.c.obj
                0x0800330c                HAL_GPIO_WritePin
 .text.HAL_PWREx_GetVoltageRange
                0x0800333c       0x1c CMakeFiles/Stepper-Motor-Rotation-Stand.dir/Drivers/STM32L4xx_HAL_Driver/Src/stm32l4xx_hal_pwr_ex.c.obj
                0x0800333c                HAL_PWREx_GetVoltageRange
 .text.HAL_PWREx_ControlVoltageScaling
                0x08003358       0xac CMakeFiles/Stepper-Motor-Rotation-Stand.dir/Drivers/STM32L4xx_HAL_Driver/Src/stm32l4xx_hal_pwr_ex.c.obj
                0x08003358                HAL_PWREx_ControlVoltageScaling
 .text.__NVIC_SetPriorityGrouping
                0x08003404       0x48 CMakeFiles/Stepper-Motor-Rotation-Stand.dir/Drivers/STM32L4xx_HAL_Driver/Src/stm32l4xx_hal_cortex.c.obj
 .text.__NVIC_GetPriorityGrouping
                0x0800344c       0x1c CMakeFiles/Stepper-Motor-Rotation-Stand.dir/Drivers/STM32L4xx_HAL_Driver/Src/stm32l4xx_hal_cortex.c.obj
 .text.__NVIC_SetPriority
                0x08003468       0x54 CMakeFiles/Stepper-Motor-Rotation-Stand.dir/Drivers/STM32L4xx_HAL_Driver/Src/stm32l4xx_hal_cortex.c.obj
 .text.NVIC_EncodePriority
                0x080034bc       0x66 CMakeFiles/Stepper-Motor-Rotation-Stand.dir/Drivers/STM32L4xx_HAL_Driver/Src/stm32l4xx_hal_cortex.c.obj
 *fill*         0x08003522        0x2 
 .text.SysTick_Config
                0x08003524       0x44 CMakeFiles/Stepper-Motor-Rotation-Stand.dir/Drivers/STM32L4xx_HAL_Driver/Src/stm32l4xx_hal_cortex.c.obj
 .text.HAL_NVIC_SetPriorityGrouping
                0x08003568       0x16 CMakeFiles/Stepper-Motor-Rotation-Stand.dir/Drivers/STM32L4xx_HAL_Driver/Src/stm32l4xx_hal_cortex.c.obj
                0x08003568                HAL_NVIC_SetPriorityGrouping
 .text.HAL_NVIC_SetPriority
                0x0800357e       0x38 CMakeFiles/Stepper-Motor-Rotation-Stand.dir/Drivers/STM32L4xx_HAL_Driver/Src/stm32l4xx_hal_cortex.c.obj
                0x0800357e                HAL_NVIC_SetPriority
 .text.HAL_SYSTICK_Config
                0x080035b6       0x18 CMakeFiles/Stepper-Motor-Rotation-Stand.dir/Drivers/STM32L4xx_HAL_Driver/Src/stm32l4xx_hal_cortex.c.obj
                0x080035b6                HAL_SYSTICK_Config
 .text.HAL_UART_Init
                0x080035ce       0x9c CMakeFiles/Stepper-Motor-Rotation-Stand.dir/Drivers/STM32L4xx_HAL_Driver/Src/stm32l4xx_hal_uart.c.obj
                0x080035ce                HAL_UART_Init
 *fill*         0x0800366a        0x2 
 .text.UART_SetConfig
                0x0800366c      0x570 CMakeFiles/Stepper-Motor-Rotation-Stand.dir/Drivers/STM32L4xx_HAL_Driver/Src/stm32l4xx_hal_uart.c.obj
                0x0800366c                UART_SetConfig
 .text.UART_AdvFeatureConfig
                0x08003bdc      0x144 CMakeFiles/Stepper-Motor-Rotation-Stand.dir/Drivers/STM32L4xx_HAL_Driver/Src/stm32l4xx_hal_uart.c.obj
                0x08003bdc                UART_AdvFeatureConfig
 .text.UART_CheckIdleState
                0x08003d20      0x150 CMakeFiles/Stepper-Motor-Rotation-Stand.dir/Drivers/STM32L4xx_HAL_Driver/Src/stm32l4xx_hal_uart.c.obj
                0x08003d20                UART_CheckIdleState
 .text.UART_WaitOnFlagUntilTimeout
                0x08003e70       0xda CMakeFiles/Stepper-Motor-Rotation-Stand.dir/Drivers/STM32L4xx_HAL_Driver/Src/stm32l4xx_hal_uart.c.obj
                0x08003e70                UART_WaitOnFlagUntilTimeout
 .text.UART_EndRxTransfer
                0x08003f4a       0xc8 CMakeFiles/Stepper-Motor-Rotation-Stand.dir/Drivers/STM32L4xx_HAL_Driver/Src/stm32l4xx_hal_uart.c.obj
 *fill*         0x08004012        0x2 
 .text.SystemInit
                0x08004014       0x24 CMakeFiles/Stepper-Motor-Rotation-Stand.dir/Core/Src/system_stm32l4xx.c.obj
                0x08004014                SystemInit
 .text.stepper_motor_init
                0x08004038       0x44 CMakeFiles/Stepper-Motor-Rotation-Stand.dir/Core/Src/StepMotor_lib.c.obj
                0x08004038                stepper_motor_init
 .text.set_pwm_period_and_duty
                0x0800407c      0x164 CMakeFiles/Stepper-Motor-Rotation-Stand.dir/Core/Src/StepMotor_lib.c.obj
                0x0800407c                set_pwm_period_and_duty
 .text.startMotor
                0x080041e0       0x72 CMakeFiles/Stepper-Motor-Rotation-Stand.dir/Core/Src/StepMotor_lib.c.obj
                0x080041e0                startMotor
 *fill*         0x08004252        0x2 
 .text.Reset_Handler
                0x08004254       0x50 CMakeFiles/Stepper-Motor-Rotation-Stand.dir/startup_stm32l476xx.s.obj
                0x08004254                Reset_Handler
 .text.Default_Handler
                0x080042a4        0x2 CMakeFiles/Stepper-Motor-Rotation-Stand.dir/startup_stm32l476xx.s.obj
                0x080042a4                TIM1_BRK_TIM15_IRQHandler
                0x080042a4                EXTI2_IRQHandler
                0x080042a4                TIM8_TRG_COM_IRQHandler
                0x080042a4                TIM8_CC_IRQHandler
                0x080042a4                TIM1_CC_IRQHandler
                0x080042a4                TSC_IRQHandler
                0x080042a4                TAMP_STAMP_IRQHandler
                0x080042a4                EXTI3_IRQHandler
                0x080042a4                LPTIM2_IRQHandler
                0x080042a4                DFSDM1_FLT1_IRQHandler
                0x080042a4                I2C3_ER_IRQHandler
                0x080042a4                DFSDM1_FLT2_IRQHandler
                0x080042a4                EXTI0_IRQHandler
                0x080042a4                I2C2_EV_IRQHandler
                0x080042a4                CAN1_RX0_IRQHandler
                0x080042a4                FPU_IRQHandler
                0x080042a4                TIM1_UP_TIM16_IRQHandler
                0x080042a4                ADC1_2_IRQHandler
                0x080042a4                SPI1_IRQHandler
                0x080042a4                TIM6_DAC_IRQHandler
                0x080042a4                TIM8_UP_IRQHandler
                0x080042a4                DMA2_Channel2_IRQHandler
                0x080042a4                DMA1_Channel4_IRQHandler
                0x080042a4                SAI2_IRQHandler
                0x080042a4                DFSDM1_FLT3_IRQHandler
                0x080042a4                USART3_IRQHandler
                0x080042a4                DMA1_Channel7_IRQHandler
                0x080042a4                CAN1_RX1_IRQHandler
                0x080042a4                LCD_IRQHandler
                0x080042a4                UART5_IRQHandler
                0x080042a4                ADC3_IRQHandler
                0x080042a4                TIM4_IRQHandler
                0x080042a4                DMA2_Channel1_IRQHandler
                0x080042a4                QUADSPI_IRQHandler
                0x080042a4                I2C1_EV_IRQHandler
                0x080042a4                DMA1_Channel6_IRQHandler
                0x080042a4                UART4_IRQHandler
                0x080042a4                DMA2_Channel4_IRQHandler
                0x080042a4                TIM3_IRQHandler
                0x080042a4                RCC_IRQHandler
                0x080042a4                DMA1_Channel1_IRQHandler
                0x080042a4                Default_Handler
                0x080042a4                DMA2_Channel7_IRQHandler
                0x080042a4                EXTI15_10_IRQHandler
                0x080042a4                TIM7_IRQHandler
                0x080042a4                SDMMC1_IRQHandler
                0x080042a4                TIM5_IRQHandler
                0x080042a4                I2C3_EV_IRQHandler
                0x080042a4                EXTI9_5_IRQHandler
                0x080042a4                RTC_WKUP_IRQHandler
                0x080042a4                PVD_PVM_IRQHandler
                0x080042a4                SPI2_IRQHandler
                0x080042a4                CAN1_TX_IRQHandler
                0x080042a4                DMA2_Channel5_IRQHandler
                0x080042a4                DMA1_Channel5_IRQHandler
                0x080042a4                EXTI4_IRQHandler
                0x080042a4                RNG_IRQHandler
                0x080042a4                TIM1_TRG_COM_TIM17_IRQHandler
                0x080042a4                DMA1_Channel3_IRQHandler
                0x080042a4                COMP_IRQHandler
                0x080042a4                WWDG_IRQHandler
                0x080042a4                LPUART1_IRQHandler
                0x080042a4                DMA2_Channel6_IRQHandler
                0x080042a4                TIM2_IRQHandler
                0x080042a4                EXTI1_IRQHandler
                0x080042a4                USART2_IRQHandler
                0x080042a4                DFSDM1_FLT0_IRQHandler
                0x080042a4                I2C2_ER_IRQHandler
                0x080042a4                DMA1_Channel2_IRQHandler
                0x080042a4                TIM8_BRK_IRQHandler
                0x080042a4                CAN1_SCE_IRQHandler
                0x080042a4                FLASH_IRQHandler
                0x080042a4                USART1_IRQHandler
                0x080042a4                OTG_FS_IRQHandler
                0x080042a4                SPI3_IRQHandler
                0x080042a4                I2C1_ER_IRQHandler
                0x080042a4                FMC_IRQHandler
                0x080042a4                SWPMI1_IRQHandler
                0x080042a4                LPTIM1_IRQHandler
                0x080042a4                SAI1_IRQHandler
                0x080042a4                DMA2_Channel3_IRQHandler
                0x080042a4                RTC_Alarm_IRQHandler
 *fill*         0x080042a6        0x2 
 .text.__udivmoddi4
                0x080042a8      0x2bc /Applications/ArmGNUToolchain/13.3.rel1/arm-none-eabi/bin/../lib/gcc/arm-none-eabi/13.3.1/thumb/v7e-m+fp/hard/libgcc.a(_udivmoddi4.o)
                0x080042a8                __udivmoddi4
 *(.glue_7)
 .glue_7        0x08004564        0x0 linker stubs
 *(.glue_7t)
 .glue_7t       0x08004564        0x0 linker stubs
 *(.eh_frame)
 .eh_frame      0x08004564        0x0 /Applications/ArmGNUToolchain/13.3.rel1/arm-none-eabi/bin/../lib/gcc/arm-none-eabi/13.3.1/thumb/v7e-m+fp/hard/crtbegin.o
 *(.init)
 .init          0x08004564        0x4 /Applications/ArmGNUToolchain/13.3.rel1/arm-none-eabi/bin/../lib/gcc/arm-none-eabi/13.3.1/thumb/v7e-m+fp/hard/crti.o
                0x08004564                _init
 .init          0x08004568        0x8 /Applications/ArmGNUToolchain/13.3.rel1/arm-none-eabi/bin/../lib/gcc/arm-none-eabi/13.3.1/thumb/v7e-m+fp/hard/crtn.o
 *(.fini)
 .fini          0x08004570        0x4 /Applications/ArmGNUToolchain/13.3.rel1/arm-none-eabi/bin/../lib/gcc/arm-none-eabi/13.3.1/thumb/v7e-m+fp/hard/crti.o
                0x08004570                _fini
 .fini          0x08004574        0x8 /Applications/ArmGNUToolchain/13.3.rel1/arm-none-eabi/bin/../lib/gcc/arm-none-eabi/13.3.1/thumb/v7e-m+fp/hard/crtn.o
                0x08004580                        . = ALIGN (0x8)
 *fill*         0x0800457c        0x4 
                0x08004580                        _etext = .

.vfp11_veneer   0x08004580        0x0
 .vfp11_veneer  0x08004580        0x0 linker stubs

.v4_bx          0x08004580        0x0
 .v4_bx         0x08004580        0x0 linker stubs

.iplt           0x08004580        0x0
 .iplt          0x08004580        0x0 /Applications/ArmGNUToolchain/13.3.rel1/arm-none-eabi/bin/../lib/gcc/arm-none-eabi/13.3.1/thumb/v7e-m+fp/hard/crtbegin.o

.rodata         0x08004580       0xf0
                0x08004580                        . = ALIGN (0x8)
 *(.rodata)
 *(.rodata*)
 .rodata.AHBPrescTable
                0x08004580       0x10 CMakeFiles/Stepper-Motor-Rotation-Stand.dir/Core/Src/system_stm32l4xx.c.obj
                0x08004580                AHBPrescTable
 .rodata.APBPrescTable
                0x08004590        0x8 CMakeFiles/Stepper-Motor-Rotation-Stand.dir/Core/Src/system_stm32l4xx.c.obj
                0x08004590                APBPrescTable
 .rodata.MSIRangeTable
                0x08004598       0x30 CMakeFiles/Stepper-Motor-Rotation-Stand.dir/Core/Src/system_stm32l4xx.c.obj
                0x08004598                MSIRangeTable
 .rodata.freq_table
                0x080045c8       0xa8 CMakeFiles/Stepper-Motor-Rotation-Stand.dir/Core/Src/StepMotor_lib.c.obj
                0x08004670                        . = ALIGN (0x8)

.ARM.extab      0x08004670        0x0
                0x08004670                        . = ALIGN (0x8)
 *(.ARM.extab* .gnu.linkonce.armextab.*)
                0x08004670                        . = ALIGN (0x8)

.ARM            0x08004670        0x8
                0x08004670                        . = ALIGN (0x8)
                0x08004670                        __exidx_start = .
 *(.ARM.exidx*)
 .ARM.exidx.text.__udivmoddi4
                0x08004670        0x8 /Applications/ArmGNUToolchain/13.3.rel1/arm-none-eabi/bin/../lib/gcc/arm-none-eabi/13.3.1/thumb/v7e-m+fp/hard/libgcc.a(_udivmoddi4.o)
                0x08004678                        __exidx_end = .
                0x08004678                        . = ALIGN (0x8)

.rel.dyn        0x08004678        0x0
 .rel.iplt      0x08004678        0x0 /Applications/ArmGNUToolchain/13.3.rel1/arm-none-eabi/bin/../lib/gcc/arm-none-eabi/13.3.1/thumb/v7e-m+fp/hard/crtbegin.o

.preinit_array  0x08004678        0x0
                0x08004678                        . = ALIGN (0x8)
                0x08004678                        PROVIDE (__preinit_array_start = .)
 *(.preinit_array*)
                0x08004678                        PROVIDE (__preinit_array_end = .)
                0x08004678                        . = ALIGN (0x8)

.init_array     0x08004678        0x8
                0x08004678                        . = ALIGN (0x8)
                0x08004678                        PROVIDE (__init_array_start = .)
 *(SORT_BY_NAME(.init_array.*))
 *(.init_array*)
 .init_array    0x08004678        0x4 /Applications/ArmGNUToolchain/13.3.rel1/arm-none-eabi/bin/../lib/gcc/arm-none-eabi/13.3.1/thumb/v7e-m+fp/hard/crtbegin.o
                0x0800467c                        PROVIDE (__init_array_end = .)
                0x08004680                        . = ALIGN (0x8)
 *fill*         0x0800467c        0x4 

.fini_array     0x08004680        0x8
                0x08004680                        . = ALIGN (0x8)
                [!provide]                        PROVIDE (__fini_array_start = .)
 *(SORT_BY_NAME(.fini_array.*))
 *(.fini_array*)
 .fini_array    0x08004680        0x4 /Applications/ArmGNUToolchain/13.3.rel1/arm-none-eabi/bin/../lib/gcc/arm-none-eabi/13.3.1/thumb/v7e-m+fp/hard/crtbegin.o
                [!provide]                        PROVIDE (__fini_array_end = .)
                0x08004688                        . = ALIGN (0x8)
 *fill*         0x08004684        0x4 
                0x08004688                        _sidata = LOADADDR (.data)

.data           0x20000000       0x10 load address 0x08004688
                0x20000000                        . = ALIGN (0x8)
                0x20000000                        _sdata = .
 *(.data)
 *(.data*)
 .data.uwTickPrio
                0x20000000        0x4 CMakeFiles/Stepper-Motor-Rotation-Stand.dir/Drivers/STM32L4xx_HAL_Driver/Src/stm32l4xx_hal.c.obj
                0x20000000                uwTickPrio
 .data.uwTickFreq
                0x20000004        0x1 CMakeFiles/Stepper-Motor-Rotation-Stand.dir/Drivers/STM32L4xx_HAL_Driver/Src/stm32l4xx_hal.c.obj
                0x20000004                uwTickFreq
 *fill*         0x20000005        0x3 
 .data.SystemCoreClock
                0x20000008        0x4 CMakeFiles/Stepper-Motor-Rotation-Stand.dir/Core/Src/system_stm32l4xx.c.obj
                0x20000008                SystemCoreClock
                0x20000010                        . = ALIGN (0x8)
 *fill*         0x2000000c        0x4 
                0x20000010                        _edata = .

.tm_clone_table
                0x20000010        0x0 load address 0x08004698
 .tm_clone_table
                0x20000010        0x0 /Applications/ArmGNUToolchain/13.3.rel1/arm-none-eabi/bin/../lib/gcc/arm-none-eabi/13.3.1/thumb/v7e-m+fp/hard/crtbegin.o
 .tm_clone_table
                0x20000010        0x0 /Applications/ArmGNUToolchain/13.3.rel1/arm-none-eabi/bin/../lib/gcc/arm-none-eabi/13.3.1/thumb/v7e-m+fp/hard/crtend.o

.igot.plt       0x20000010        0x0 load address 0x08004698
 .igot.plt      0x20000010        0x0 /Applications/ArmGNUToolchain/13.3.rel1/arm-none-eabi/bin/../lib/gcc/arm-none-eabi/13.3.1/thumb/v7e-m+fp/hard/crtbegin.o
                0x20000010                        . = ALIGN (0x4)

.bss            0x20000010      0x110 load address 0x08004698
                0x20000010                        _sbss = .
                0x20000010                        __bss_start__ = _sbss
 *(.bss)
 *(.bss*)
 .bss.completed.1
                0x20000010        0x1 /Applications/ArmGNUToolchain/13.3.rel1/arm-none-eabi/bin/../lib/gcc/arm-none-eabi/13.3.1/thumb/v7e-m+fp/hard/crtbegin.o
 *fill*         0x20000011        0x3 
 .bss.object.0  0x20000014       0x18 /Applications/ArmGNUToolchain/13.3.rel1/arm-none-eabi/bin/../lib/gcc/arm-none-eabi/13.3.1/thumb/v7e-m+fp/hard/crtbegin.o
 .bss.htim2     0x2000002c       0x4c CMakeFiles/Stepper-Motor-Rotation-Stand.dir/Core/Src/main.c.obj
                0x2000002c                htim2
 .bss.huart2    0x20000078       0x88 CMakeFiles/Stepper-Motor-Rotation-Stand.dir/Core/Src/main.c.obj
                0x20000078                huart2
 .bss.stepperMotor
                0x20000100       0x1c CMakeFiles/Stepper-Motor-Rotation-Stand.dir/Core/Src/main.c.obj
                0x20000100                stepperMotor
 .bss.uwTick    0x2000011c        0x4 CMakeFiles/Stepper-Motor-Rotation-Stand.dir/Drivers/STM32L4xx_HAL_Driver/Src/stm32l4xx_hal.c.obj
                0x2000011c                uwTick
 *(COMMON)
                0x20000120                        . = ALIGN (0x4)
                0x20000120                        _ebss = .
                0x20000120                        __bss_end__ = _ebss

._user_heap_stack
                0x20000120      0x600 load address 0x08004698
                0x20000120                        . = ALIGN (0x8)
                [!provide]                        PROVIDE (end = .)
                0x20000120                        PROVIDE (_end = .)
                0x20000320                        . = (. + _Min_Heap_Size)
 *fill*         0x20000120      0x200 
                0x20000720                        . = (. + _Min_Stack_Size)
 *fill*         0x20000320      0x400 
                0x20000720                        . = ALIGN (0x8)

/DISCARD/
 libc.a(*)
 libm.a(*)
 libgcc.a(*)

.ARM.attributes
                0x00000000       0x30
 *(.ARM.attributes)
 .ARM.attributes
                0x00000000       0x22 /Applications/ArmGNUToolchain/13.3.rel1/arm-none-eabi/bin/../lib/gcc/arm-none-eabi/13.3.1/thumb/v7e-m+fp/hard/crti.o
 .ARM.attributes
                0x00000022       0x34 /Applications/ArmGNUToolchain/13.3.rel1/arm-none-eabi/bin/../lib/gcc/arm-none-eabi/13.3.1/thumb/v7e-m+fp/hard/crtbegin.o
 .ARM.attributes
                0x00000056       0x34 /Applications/ArmGNUToolchain/13.3.rel1/arm-none-eabi/bin/../lib/gcc/arm-none-eabi/13.3.1/../../../../arm-none-eabi/lib/thumb/v7e-m+fp/hard/libc_nano.a(libc_a-memset.o)
 .ARM.attributes
                0x0000008a       0x34 /Applications/ArmGNUToolchain/13.3.rel1/arm-none-eabi/bin/../lib/gcc/arm-none-eabi/13.3.1/../../../../arm-none-eabi/lib/thumb/v7e-m+fp/hard/libc_nano.a(libc_a-init.o)
 .ARM.attributes
                0x000000be       0x34 CMakeFiles/Stepper-Motor-Rotation-Stand.dir/Core/Src/main.c.obj
 .ARM.attributes
                0x000000f2       0x34 CMakeFiles/Stepper-Motor-Rotation-Stand.dir/Core/Src/stm32l4xx_it.c.obj
 .ARM.attributes
                0x00000126       0x34 CMakeFiles/Stepper-Motor-Rotation-Stand.dir/Core/Src/stm32l4xx_hal_msp.c.obj
 .ARM.attributes
                0x0000015a       0x34 CMakeFiles/Stepper-Motor-Rotation-Stand.dir/Drivers/STM32L4xx_HAL_Driver/Src/stm32l4xx_hal_tim.c.obj
 .ARM.attributes
                0x0000018e       0x34 CMakeFiles/Stepper-Motor-Rotation-Stand.dir/Drivers/STM32L4xx_HAL_Driver/Src/stm32l4xx_hal_tim_ex.c.obj
 .ARM.attributes
                0x000001c2       0x34 CMakeFiles/Stepper-Motor-Rotation-Stand.dir/Drivers/STM32L4xx_HAL_Driver/Src/stm32l4xx_hal.c.obj
 .ARM.attributes
                0x000001f6       0x34 CMakeFiles/Stepper-Motor-Rotation-Stand.dir/Drivers/STM32L4xx_HAL_Driver/Src/stm32l4xx_hal_rcc.c.obj
 .ARM.attributes
                0x0000022a       0x34 CMakeFiles/Stepper-Motor-Rotation-Stand.dir/Drivers/STM32L4xx_HAL_Driver/Src/stm32l4xx_hal_rcc_ex.c.obj
 .ARM.attributes
                0x0000025e       0x34 CMakeFiles/Stepper-Motor-Rotation-Stand.dir/Drivers/STM32L4xx_HAL_Driver/Src/stm32l4xx_hal_gpio.c.obj
 .ARM.attributes
                0x00000292       0x34 CMakeFiles/Stepper-Motor-Rotation-Stand.dir/Drivers/STM32L4xx_HAL_Driver/Src/stm32l4xx_hal_pwr_ex.c.obj
 .ARM.attributes
                0x000002c6       0x34 CMakeFiles/Stepper-Motor-Rotation-Stand.dir/Drivers/STM32L4xx_HAL_Driver/Src/stm32l4xx_hal_cortex.c.obj
 .ARM.attributes
                0x000002fa       0x34 CMakeFiles/Stepper-Motor-Rotation-Stand.dir/Drivers/STM32L4xx_HAL_Driver/Src/stm32l4xx_hal_uart.c.obj
 .ARM.attributes
                0x0000032e       0x34 CMakeFiles/Stepper-Motor-Rotation-Stand.dir/Core/Src/system_stm32l4xx.c.obj
 .ARM.attributes
                0x00000362       0x34 CMakeFiles/Stepper-Motor-Rotation-Stand.dir/Core/Src/StepMotor_lib.c.obj
 .ARM.attributes
                0x00000396       0x21 CMakeFiles/Stepper-Motor-Rotation-Stand.dir/startup_stm32l476xx.s.obj
 .ARM.attributes
                0x000003b7       0x22 /Applications/ArmGNUToolchain/13.3.rel1/arm-none-eabi/bin/../lib/gcc/arm-none-eabi/13.3.1/thumb/v7e-m+fp/hard/libgcc.a(_aeabi_uldivmod.o)
 .ARM.attributes
                0x000003d9       0x34 /Applications/ArmGNUToolchain/13.3.rel1/arm-none-eabi/bin/../lib/gcc/arm-none-eabi/13.3.1/thumb/v7e-m+fp/hard/libgcc.a(_udivmoddi4.o)
 .ARM.attributes
                0x0000040d       0x22 /Applications/ArmGNUToolchain/13.3.rel1/arm-none-eabi/bin/../lib/gcc/arm-none-eabi/13.3.1/thumb/v7e-m+fp/hard/libgcc.a(_dvmd_tls.o)
 .ARM.attributes
                0x0000042f       0x34 /Applications/ArmGNUToolchain/13.3.rel1/arm-none-eabi/bin/../lib/gcc/arm-none-eabi/13.3.1/thumb/v7e-m+fp/hard/crtend.o
 .ARM.attributes
                0x00000463       0x22 /Applications/ArmGNUToolchain/13.3.rel1/arm-none-eabi/bin/../lib/gcc/arm-none-eabi/13.3.1/thumb/v7e-m+fp/hard/crtn.o
OUTPUT(Stepper-Motor-Rotation-Stand.elf elf32-littlearm)
LOAD linker stubs
LOAD /Applications/ArmGNUToolchain/13.3.rel1/arm-none-eabi/bin/../lib/gcc/arm-none-eabi/13.3.1/../../../../arm-none-eabi/lib/thumb/v7e-m+fp/hard/libc.a
LOAD /Applications/ArmGNUToolchain/13.3.rel1/arm-none-eabi/bin/../lib/gcc/arm-none-eabi/13.3.1/../../../../arm-none-eabi/lib/thumb/v7e-m+fp/hard/libm.a
LOAD /Applications/ArmGNUToolchain/13.3.rel1/arm-none-eabi/bin/../lib/gcc/arm-none-eabi/13.3.1/thumb/v7e-m+fp/hard/libgcc.a

.debug_frame    0x00000000     0x3cc4
 .debug_frame   0x00000000       0x20 /Applications/ArmGNUToolchain/13.3.rel1/arm-none-eabi/bin/../lib/gcc/arm-none-eabi/13.3.1/../../../../arm-none-eabi/lib/thumb/v7e-m+fp/hard/libc_nano.a(libc_a-memset.o)
 .debug_frame   0x00000020       0x2c /Applications/ArmGNUToolchain/13.3.rel1/arm-none-eabi/bin/../lib/gcc/arm-none-eabi/13.3.1/../../../../arm-none-eabi/lib/thumb/v7e-m+fp/hard/libc_nano.a(libc_a-init.o)
 .debug_frame   0x0000004c       0xf4 CMakeFiles/Stepper-Motor-Rotation-Stand.dir/Core/Src/main.c.obj
 .debug_frame   0x00000140      0x104 CMakeFiles/Stepper-Motor-Rotation-Stand.dir/Core/Src/stm32l4xx_it.c.obj
 .debug_frame   0x00000244       0xf8 CMakeFiles/Stepper-Motor-Rotation-Stand.dir/Core/Src/stm32l4xx_hal_msp.c.obj
 .debug_frame   0x0000033c     0x121c CMakeFiles/Stepper-Motor-Rotation-Stand.dir/Drivers/STM32L4xx_HAL_Driver/Src/stm32l4xx_hal_tim.c.obj
 .debug_frame   0x00001558      0x6b0 CMakeFiles/Stepper-Motor-Rotation-Stand.dir/Drivers/STM32L4xx_HAL_Driver/Src/stm32l4xx_hal_tim_ex.c.obj
 .debug_frame   0x00001c08      0x498 CMakeFiles/Stepper-Motor-Rotation-Stand.dir/Drivers/STM32L4xx_HAL_Driver/Src/stm32l4xx_hal.c.obj
 .debug_frame   0x000020a0      0x21c CMakeFiles/Stepper-Motor-Rotation-Stand.dir/Drivers/STM32L4xx_HAL_Driver/Src/stm32l4xx_hal_rcc.c.obj
 .debug_frame   0x000022bc      0x2fc CMakeFiles/Stepper-Motor-Rotation-Stand.dir/Drivers/STM32L4xx_HAL_Driver/Src/stm32l4xx_hal_rcc_ex.c.obj
 .debug_frame   0x000025b8      0x14c CMakeFiles/Stepper-Motor-Rotation-Stand.dir/Drivers/STM32L4xx_HAL_Driver/Src/stm32l4xx_hal_gpio.c.obj
 .debug_frame   0x00002704      0x584 CMakeFiles/Stepper-Motor-Rotation-Stand.dir/Drivers/STM32L4xx_HAL_Driver/Src/stm32l4xx_hal_pwr_ex.c.obj
 .debug_frame   0x00002c88      0x4e8 CMakeFiles/Stepper-Motor-Rotation-Stand.dir/Drivers/STM32L4xx_HAL_Driver/Src/stm32l4xx_hal_cortex.c.obj
 .debug_frame   0x00003170      0x9f4 CMakeFiles/Stepper-Motor-Rotation-Stand.dir/Drivers/STM32L4xx_HAL_Driver/Src/stm32l4xx_hal_uart.c.obj
 .debug_frame   0x00003b64       0x58 CMakeFiles/Stepper-Motor-Rotation-Stand.dir/Core/Src/system_stm32l4xx.c.obj
 .debug_frame   0x00003bbc       0xa8 CMakeFiles/Stepper-Motor-Rotation-Stand.dir/Core/Src/StepMotor_lib.c.obj
 .debug_frame   0x00003c64       0x2c /Applications/ArmGNUToolchain/13.3.rel1/arm-none-eabi/bin/../lib/gcc/arm-none-eabi/13.3.1/thumb/v7e-m+fp/hard/libgcc.a(_aeabi_uldivmod.o)
 .debug_frame   0x00003c90       0x34 /Applications/ArmGNUToolchain/13.3.rel1/arm-none-eabi/bin/../lib/gcc/arm-none-eabi/13.3.1/thumb/v7e-m+fp/hard/libgcc.a(_udivmoddi4.o)

.debug_info     0x00000000     0xf7e5
 .debug_info    0x00000000     0x1428 CMakeFiles/Stepper-Motor-Rotation-Stand.dir/Core/Src/main.c.obj
 .debug_info    0x00001428      0x113 CMakeFiles/Stepper-Motor-Rotation-Stand.dir/Core/Src/stm32l4xx_it.c.obj
 .debug_info    0x0000153b     0x1152 CMakeFiles/Stepper-Motor-Rotation-Stand.dir/Core/Src/stm32l4xx_hal_msp.c.obj
 .debug_info    0x0000268d     0x2a9a CMakeFiles/Stepper-Motor-Rotation-Stand.dir/Drivers/STM32L4xx_HAL_Driver/Src/stm32l4xx_hal_tim.c.obj
 .debug_info    0x00005127     0x169e CMakeFiles/Stepper-Motor-Rotation-Stand.dir/Drivers/STM32L4xx_HAL_Driver/Src/stm32l4xx_hal_tim_ex.c.obj
 .debug_info    0x000067c5      0xc09 CMakeFiles/Stepper-Motor-Rotation-Stand.dir/Drivers/STM32L4xx_HAL_Driver/Src/stm32l4xx_hal.c.obj
 .debug_info    0x000073ce      0xc14 CMakeFiles/Stepper-Motor-Rotation-Stand.dir/Drivers/STM32L4xx_HAL_Driver/Src/stm32l4xx_hal_rcc.c.obj
 .debug_info    0x00007fe2      0xe11 CMakeFiles/Stepper-Motor-Rotation-Stand.dir/Drivers/STM32L4xx_HAL_Driver/Src/stm32l4xx_hal_rcc_ex.c.obj
 .debug_info    0x00008df3      0x757 CMakeFiles/Stepper-Motor-Rotation-Stand.dir/Drivers/STM32L4xx_HAL_Driver/Src/stm32l4xx_hal_gpio.c.obj
 .debug_info    0x0000954a      0x99e CMakeFiles/Stepper-Motor-Rotation-Stand.dir/Drivers/STM32L4xx_HAL_Driver/Src/stm32l4xx_hal_pwr_ex.c.obj
 .debug_info    0x00009ee8      0xd81 CMakeFiles/Stepper-Motor-Rotation-Stand.dir/Drivers/STM32L4xx_HAL_Driver/Src/stm32l4xx_hal_cortex.c.obj
 .debug_info    0x0000ac69     0x3b69 CMakeFiles/Stepper-Motor-Rotation-Stand.dir/Drivers/STM32L4xx_HAL_Driver/Src/stm32l4xx_hal_uart.c.obj
 .debug_info    0x0000e7d2      0x5b1 CMakeFiles/Stepper-Motor-Rotation-Stand.dir/Core/Src/system_stm32l4xx.c.obj
 .debug_info    0x0000ed83      0xa32 CMakeFiles/Stepper-Motor-Rotation-Stand.dir/Core/Src/StepMotor_lib.c.obj
 .debug_info    0x0000f7b5       0x30 CMakeFiles/Stepper-Motor-Rotation-Stand.dir/startup_stm32l476xx.s.obj

.debug_abbrev   0x00000000     0x1eb1
 .debug_abbrev  0x00000000      0x2b8 CMakeFiles/Stepper-Motor-Rotation-Stand.dir/Core/Src/main.c.obj
 .debug_abbrev  0x000002b8       0x73 CMakeFiles/Stepper-Motor-Rotation-Stand.dir/Core/Src/stm32l4xx_it.c.obj
 .debug_abbrev  0x0000032b      0x205 CMakeFiles/Stepper-Motor-Rotation-Stand.dir/Core/Src/stm32l4xx_hal_msp.c.obj
 .debug_abbrev  0x00000530      0x278 CMakeFiles/Stepper-Motor-Rotation-Stand.dir/Drivers/STM32L4xx_HAL_Driver/Src/stm32l4xx_hal_tim.c.obj
 .debug_abbrev  0x000007a8      0x283 CMakeFiles/Stepper-Motor-Rotation-Stand.dir/Drivers/STM32L4xx_HAL_Driver/Src/stm32l4xx_hal_tim_ex.c.obj
 .debug_abbrev  0x00000a2b      0x243 CMakeFiles/Stepper-Motor-Rotation-Stand.dir/Drivers/STM32L4xx_HAL_Driver/Src/stm32l4xx_hal.c.obj
 .debug_abbrev  0x00000c6e      0x2cb CMakeFiles/Stepper-Motor-Rotation-Stand.dir/Drivers/STM32L4xx_HAL_Driver/Src/stm32l4xx_hal_rcc.c.obj
 .debug_abbrev  0x00000f39      0x2a6 CMakeFiles/Stepper-Motor-Rotation-Stand.dir/Drivers/STM32L4xx_HAL_Driver/Src/stm32l4xx_hal_rcc_ex.c.obj
 .debug_abbrev  0x000011df      0x1cb CMakeFiles/Stepper-Motor-Rotation-Stand.dir/Drivers/STM32L4xx_HAL_Driver/Src/stm32l4xx_hal_gpio.c.obj
 .debug_abbrev  0x000013aa      0x1f9 CMakeFiles/Stepper-Motor-Rotation-Stand.dir/Drivers/STM32L4xx_HAL_Driver/Src/stm32l4xx_hal_pwr_ex.c.obj
 .debug_abbrev  0x000015a3      0x31c CMakeFiles/Stepper-Motor-Rotation-Stand.dir/Drivers/STM32L4xx_HAL_Driver/Src/stm32l4xx_hal_cortex.c.obj
 .debug_abbrev  0x000018bf      0x2d0 CMakeFiles/Stepper-Motor-Rotation-Stand.dir/Drivers/STM32L4xx_HAL_Driver/Src/stm32l4xx_hal_uart.c.obj
 .debug_abbrev  0x00001b8f      0x11a CMakeFiles/Stepper-Motor-Rotation-Stand.dir/Core/Src/system_stm32l4xx.c.obj
 .debug_abbrev  0x00001ca9      0x1e4 CMakeFiles/Stepper-Motor-Rotation-Stand.dir/Core/Src/StepMotor_lib.c.obj
 .debug_abbrev  0x00001e8d       0x24 CMakeFiles/Stepper-Motor-Rotation-Stand.dir/startup_stm32l476xx.s.obj

.debug_aranges  0x00000000      0xe68
 .debug_aranges
                0x00000000       0x50 CMakeFiles/Stepper-Motor-Rotation-Stand.dir/Core/Src/main.c.obj
 .debug_aranges
                0x00000050       0x60 CMakeFiles/Stepper-Motor-Rotation-Stand.dir/Core/Src/stm32l4xx_it.c.obj
 .debug_aranges
                0x000000b0       0x48 CMakeFiles/Stepper-Motor-Rotation-Stand.dir/Core/Src/stm32l4xx_hal_msp.c.obj
 .debug_aranges
                0x000000f8      0x3e0 CMakeFiles/Stepper-Motor-Rotation-Stand.dir/Drivers/STM32L4xx_HAL_Driver/Src/stm32l4xx_hal_tim.c.obj
 .debug_aranges
                0x000004d8      0x180 CMakeFiles/Stepper-Motor-Rotation-Stand.dir/Drivers/STM32L4xx_HAL_Driver/Src/stm32l4xx_hal_tim_ex.c.obj
 .debug_aranges
                0x00000658      0x130 CMakeFiles/Stepper-Motor-Rotation-Stand.dir/Drivers/STM32L4xx_HAL_Driver/Src/stm32l4xx_hal.c.obj
 .debug_aranges
                0x00000788       0x90 CMakeFiles/Stepper-Motor-Rotation-Stand.dir/Drivers/STM32L4xx_HAL_Driver/Src/stm32l4xx_hal_rcc.c.obj
 .debug_aranges
                0x00000818       0xc0 CMakeFiles/Stepper-Motor-Rotation-Stand.dir/Drivers/STM32L4xx_HAL_Driver/Src/stm32l4xx_hal_rcc_ex.c.obj
 .debug_aranges
                0x000008d8       0x58 CMakeFiles/Stepper-Motor-Rotation-Stand.dir/Drivers/STM32L4xx_HAL_Driver/Src/stm32l4xx_hal_gpio.c.obj
 .debug_aranges
                0x00000930      0x160 CMakeFiles/Stepper-Motor-Rotation-Stand.dir/Drivers/STM32L4xx_HAL_Driver/Src/stm32l4xx_hal_pwr_ex.c.obj
 .debug_aranges
                0x00000a90      0x128 CMakeFiles/Stepper-Motor-Rotation-Stand.dir/Drivers/STM32L4xx_HAL_Driver/Src/stm32l4xx_hal_cortex.c.obj
 .debug_aranges
                0x00000bb8      0x228 CMakeFiles/Stepper-Motor-Rotation-Stand.dir/Drivers/STM32L4xx_HAL_Driver/Src/stm32l4xx_hal_uart.c.obj
 .debug_aranges
                0x00000de0       0x28 CMakeFiles/Stepper-Motor-Rotation-Stand.dir/Core/Src/system_stm32l4xx.c.obj
 .debug_aranges
                0x00000e08       0x38 CMakeFiles/Stepper-Motor-Rotation-Stand.dir/Core/Src/StepMotor_lib.c.obj
 .debug_aranges
                0x00000e40       0x28 CMakeFiles/Stepper-Motor-Rotation-Stand.dir/startup_stm32l476xx.s.obj

.debug_rnglists
                0x00000000      0xb47
 .debug_rnglists
                0x00000000       0x3a CMakeFiles/Stepper-Motor-Rotation-Stand.dir/Core/Src/main.c.obj
 .debug_rnglists
                0x0000003a       0x43 CMakeFiles/Stepper-Motor-Rotation-Stand.dir/Core/Src/stm32l4xx_it.c.obj
 .debug_rnglists
                0x0000007d       0x32 CMakeFiles/Stepper-Motor-Rotation-Stand.dir/Core/Src/stm32l4xx_hal_msp.c.obj
 .debug_rnglists
                0x000000af      0x328 CMakeFiles/Stepper-Motor-Rotation-Stand.dir/Drivers/STM32L4xx_HAL_Driver/Src/stm32l4xx_hal_tim.c.obj
 .debug_rnglists
                0x000003d7      0x139 CMakeFiles/Stepper-Motor-Rotation-Stand.dir/Drivers/STM32L4xx_HAL_Driver/Src/stm32l4xx_hal_tim_ex.c.obj
 .debug_rnglists
                0x00000510       0xdf CMakeFiles/Stepper-Motor-Rotation-Stand.dir/Drivers/STM32L4xx_HAL_Driver/Src/stm32l4xx_hal.c.obj
 .debug_rnglists
                0x000005ef       0x6d CMakeFiles/Stepper-Motor-Rotation-Stand.dir/Drivers/STM32L4xx_HAL_Driver/Src/stm32l4xx_hal_rcc.c.obj
 .debug_rnglists
                0x0000065c       0x95 CMakeFiles/Stepper-Motor-Rotation-Stand.dir/Drivers/STM32L4xx_HAL_Driver/Src/stm32l4xx_hal_rcc_ex.c.obj
 .debug_rnglists
                0x000006f1       0x3f CMakeFiles/Stepper-Motor-Rotation-Stand.dir/Drivers/STM32L4xx_HAL_Driver/Src/stm32l4xx_hal_gpio.c.obj
 .debug_rnglists
                0x00000730      0x109 CMakeFiles/Stepper-Motor-Rotation-Stand.dir/Drivers/STM32L4xx_HAL_Driver/Src/stm32l4xx_hal_pwr_ex.c.obj
 .debug_rnglists
                0x00000839       0xda CMakeFiles/Stepper-Motor-Rotation-Stand.dir/Drivers/STM32L4xx_HAL_Driver/Src/stm32l4xx_hal_cortex.c.obj
 .debug_rnglists
                0x00000913      0x1db CMakeFiles/Stepper-Motor-Rotation-Stand.dir/Drivers/STM32L4xx_HAL_Driver/Src/stm32l4xx_hal_uart.c.obj
 .debug_rnglists
                0x00000aee       0x1a CMakeFiles/Stepper-Motor-Rotation-Stand.dir/Core/Src/system_stm32l4xx.c.obj
 .debug_rnglists
                0x00000b08       0x26 CMakeFiles/Stepper-Motor-Rotation-Stand.dir/Core/Src/StepMotor_lib.c.obj
 .debug_rnglists
                0x00000b2e       0x19 CMakeFiles/Stepper-Motor-Rotation-Stand.dir/startup_stm32l476xx.s.obj

.debug_macro    0x00000000    0x25f46
 .debug_macro   0x00000000      0x1d9 CMakeFiles/Stepper-Motor-Rotation-Stand.dir/Core/Src/main.c.obj
 .debug_macro   0x000001d9      0xad8 CMakeFiles/Stepper-Motor-Rotation-Stand.dir/Core/Src/main.c.obj
 .debug_macro   0x00000cb1      0x1a7 CMakeFiles/Stepper-Motor-Rotation-Stand.dir/Core/Src/main.c.obj
 .debug_macro   0x00000e58       0x2e CMakeFiles/Stepper-Motor-Rotation-Stand.dir/Core/Src/main.c.obj
 .debug_macro   0x00000e86       0x28 CMakeFiles/Stepper-Motor-Rotation-Stand.dir/Core/Src/main.c.obj
 .debug_macro   0x00000eae       0x22 CMakeFiles/Stepper-Motor-Rotation-Stand.dir/Core/Src/main.c.obj
 .debug_macro   0x00000ed0       0x8e CMakeFiles/Stepper-Motor-Rotation-Stand.dir/Core/Src/main.c.obj
 .debug_macro   0x00000f5e       0x51 CMakeFiles/Stepper-Motor-Rotation-Stand.dir/Core/Src/main.c.obj
 .debug_macro   0x00000faf      0x103 CMakeFiles/Stepper-Motor-Rotation-Stand.dir/Core/Src/main.c.obj
 .debug_macro   0x000010b2       0x6a CMakeFiles/Stepper-Motor-Rotation-Stand.dir/Core/Src/main.c.obj
 .debug_macro   0x0000111c      0x1df CMakeFiles/Stepper-Motor-Rotation-Stand.dir/Core/Src/main.c.obj
 .debug_macro   0x000012fb       0x1c CMakeFiles/Stepper-Motor-Rotation-Stand.dir/Core/Src/main.c.obj
 .debug_macro   0x00001317       0x22 CMakeFiles/Stepper-Motor-Rotation-Stand.dir/Core/Src/main.c.obj
 .debug_macro   0x00001339       0xfb CMakeFiles/Stepper-Motor-Rotation-Stand.dir/Core/Src/main.c.obj
 .debug_macro   0x00001434     0x1011 CMakeFiles/Stepper-Motor-Rotation-Stand.dir/Core/Src/main.c.obj
 .debug_macro   0x00002445      0x11f CMakeFiles/Stepper-Motor-Rotation-Stand.dir/Core/Src/main.c.obj
 .debug_macro   0x00002564    0x1a17a CMakeFiles/Stepper-Motor-Rotation-Stand.dir/Core/Src/main.c.obj
 .debug_macro   0x0001c6de       0x6d CMakeFiles/Stepper-Motor-Rotation-Stand.dir/Core/Src/main.c.obj
 .debug_macro   0x0001c74b     0x38fb CMakeFiles/Stepper-Motor-Rotation-Stand.dir/Core/Src/main.c.obj
 .debug_macro   0x00020046      0x190 CMakeFiles/Stepper-Motor-Rotation-Stand.dir/Core/Src/main.c.obj
 .debug_macro   0x000201d6       0x5c CMakeFiles/Stepper-Motor-Rotation-Stand.dir/Core/Src/main.c.obj
 .debug_macro   0x00020232     0x159e CMakeFiles/Stepper-Motor-Rotation-Stand.dir/Core/Src/main.c.obj
 .debug_macro   0x000217d0      0x5a5 CMakeFiles/Stepper-Motor-Rotation-Stand.dir/Core/Src/main.c.obj
 .debug_macro   0x00021d75      0x1b9 CMakeFiles/Stepper-Motor-Rotation-Stand.dir/Core/Src/main.c.obj
 .debug_macro   0x00021f2e      0x18b CMakeFiles/Stepper-Motor-Rotation-Stand.dir/Core/Src/main.c.obj
 .debug_macro   0x000220b9      0x26b CMakeFiles/Stepper-Motor-Rotation-Stand.dir/Core/Src/main.c.obj
 .debug_macro   0x00022324      0x23d CMakeFiles/Stepper-Motor-Rotation-Stand.dir/Core/Src/main.c.obj
 .debug_macro   0x00022561      0x241 CMakeFiles/Stepper-Motor-Rotation-Stand.dir/Core/Src/main.c.obj
 .debug_macro   0x000227a2      0x37c CMakeFiles/Stepper-Motor-Rotation-Stand.dir/Core/Src/main.c.obj
 .debug_macro   0x00022b1e       0xd6 CMakeFiles/Stepper-Motor-Rotation-Stand.dir/Core/Src/main.c.obj
 .debug_macro   0x00022bf4      0x122 CMakeFiles/Stepper-Motor-Rotation-Stand.dir/Core/Src/main.c.obj
 .debug_macro   0x00022d16      0x3ef CMakeFiles/Stepper-Motor-Rotation-Stand.dir/Core/Src/main.c.obj
 .debug_macro   0x00023105      0xa98 CMakeFiles/Stepper-Motor-Rotation-Stand.dir/Core/Src/main.c.obj
 .debug_macro   0x00023b9d      0x1e6 CMakeFiles/Stepper-Motor-Rotation-Stand.dir/Core/Src/main.c.obj
 .debug_macro   0x00023d83      0x5cf CMakeFiles/Stepper-Motor-Rotation-Stand.dir/Core/Src/main.c.obj
 .debug_macro   0x00024352       0x44 CMakeFiles/Stepper-Motor-Rotation-Stand.dir/Core/Src/main.c.obj
 .debug_macro   0x00024396      0x330 CMakeFiles/Stepper-Motor-Rotation-Stand.dir/Core/Src/main.c.obj
 .debug_macro   0x000246c6       0x58 CMakeFiles/Stepper-Motor-Rotation-Stand.dir/Core/Src/main.c.obj
 .debug_macro   0x0002471e      0x1d9 CMakeFiles/Stepper-Motor-Rotation-Stand.dir/Core/Src/stm32l4xx_it.c.obj
 .debug_macro   0x000248f7      0x1cf CMakeFiles/Stepper-Motor-Rotation-Stand.dir/Core/Src/stm32l4xx_hal_msp.c.obj
 .debug_macro   0x00024ac6      0x1c1 CMakeFiles/Stepper-Motor-Rotation-Stand.dir/Drivers/STM32L4xx_HAL_Driver/Src/stm32l4xx_hal_tim.c.obj
 .debug_macro   0x00024c87      0x1c0 CMakeFiles/Stepper-Motor-Rotation-Stand.dir/Drivers/STM32L4xx_HAL_Driver/Src/stm32l4xx_hal_tim_ex.c.obj
 .debug_macro   0x00024e47      0x20e CMakeFiles/Stepper-Motor-Rotation-Stand.dir/Drivers/STM32L4xx_HAL_Driver/Src/stm32l4xx_hal.c.obj
 .debug_macro   0x00025055      0x202 CMakeFiles/Stepper-Motor-Rotation-Stand.dir/Drivers/STM32L4xx_HAL_Driver/Src/stm32l4xx_hal_rcc.c.obj
 .debug_macro   0x00025257      0x1f6 CMakeFiles/Stepper-Motor-Rotation-Stand.dir/Drivers/STM32L4xx_HAL_Driver/Src/stm32l4xx_hal_rcc_ex.c.obj
 .debug_macro   0x0002544d      0x1c7 CMakeFiles/Stepper-Motor-Rotation-Stand.dir/Drivers/STM32L4xx_HAL_Driver/Src/stm32l4xx_hal_gpio.c.obj
 .debug_macro   0x00025614      0x1e4 CMakeFiles/Stepper-Motor-Rotation-Stand.dir/Drivers/STM32L4xx_HAL_Driver/Src/stm32l4xx_hal_pwr_ex.c.obj
 .debug_macro   0x000257f8      0x1c0 CMakeFiles/Stepper-Motor-Rotation-Stand.dir/Drivers/STM32L4xx_HAL_Driver/Src/stm32l4xx_hal_cortex.c.obj
 .debug_macro   0x000259b8      0x1eb CMakeFiles/Stepper-Motor-Rotation-Stand.dir/Drivers/STM32L4xx_HAL_Driver/Src/stm32l4xx_hal_uart.c.obj
 .debug_macro   0x00025ba3      0x1c0 CMakeFiles/Stepper-Motor-Rotation-Stand.dir/Core/Src/system_stm32l4xx.c.obj
 .debug_macro   0x00025d63      0x1d3 CMakeFiles/Stepper-Motor-Rotation-Stand.dir/Core/Src/StepMotor_lib.c.obj
 .debug_macro   0x00025f36       0x10 CMakeFiles/Stepper-Motor-Rotation-Stand.dir/Core/Src/StepMotor_lib.c.obj

.debug_line     0x00000000    0x10582
 .debug_line    0x00000000      0x8e8 CMakeFiles/Stepper-Motor-Rotation-Stand.dir/Core/Src/main.c.obj
 .debug_line    0x000008e8      0x7c5 CMakeFiles/Stepper-Motor-Rotation-Stand.dir/Core/Src/stm32l4xx_it.c.obj
 .debug_line    0x000010ad      0x7e1 CMakeFiles/Stepper-Motor-Rotation-Stand.dir/Core/Src/stm32l4xx_hal_msp.c.obj
 .debug_line    0x0000188e     0x3e08 CMakeFiles/Stepper-Motor-Rotation-Stand.dir/Drivers/STM32L4xx_HAL_Driver/Src/stm32l4xx_hal_tim.c.obj
 .debug_line    0x00005696     0x1b59 CMakeFiles/Stepper-Motor-Rotation-Stand.dir/Drivers/STM32L4xx_HAL_Driver/Src/stm32l4xx_hal_tim_ex.c.obj
 .debug_line    0x000071ef      0xb1d CMakeFiles/Stepper-Motor-Rotation-Stand.dir/Drivers/STM32L4xx_HAL_Driver/Src/stm32l4xx_hal.c.obj
 .debug_line    0x00007d0c     0x1071 CMakeFiles/Stepper-Motor-Rotation-Stand.dir/Drivers/STM32L4xx_HAL_Driver/Src/stm32l4xx_hal_rcc.c.obj
 .debug_line    0x00008d7d     0x153e CMakeFiles/Stepper-Motor-Rotation-Stand.dir/Drivers/STM32L4xx_HAL_Driver/Src/stm32l4xx_hal_rcc_ex.c.obj
 .debug_line    0x0000a2bb      0xb70 CMakeFiles/Stepper-Motor-Rotation-Stand.dir/Drivers/STM32L4xx_HAL_Driver/Src/stm32l4xx_hal_gpio.c.obj
 .debug_line    0x0000ae2b      0xcfe CMakeFiles/Stepper-Motor-Rotation-Stand.dir/Drivers/STM32L4xx_HAL_Driver/Src/stm32l4xx_hal_pwr_ex.c.obj
 .debug_line    0x0000bb29      0xcb7 CMakeFiles/Stepper-Motor-Rotation-Stand.dir/Drivers/STM32L4xx_HAL_Driver/Src/stm32l4xx_hal_cortex.c.obj
 .debug_line    0x0000c7e0     0x2d3f CMakeFiles/Stepper-Motor-Rotation-Stand.dir/Drivers/STM32L4xx_HAL_Driver/Src/stm32l4xx_hal_uart.c.obj
 .debug_line    0x0000f51f      0x7b4 CMakeFiles/Stepper-Motor-Rotation-Stand.dir/Core/Src/system_stm32l4xx.c.obj
 .debug_line    0x0000fcd3      0x835 CMakeFiles/Stepper-Motor-Rotation-Stand.dir/Core/Src/StepMotor_lib.c.obj
 .debug_line    0x00010508       0x7a CMakeFiles/Stepper-Motor-Rotation-Stand.dir/startup_stm32l476xx.s.obj

.debug_str      0x00000000    0xeedcd
 .debug_str     0x00000000    0xeedcd CMakeFiles/Stepper-Motor-Rotation-Stand.dir/Core/Src/main.c.obj
                              0xeb0c7 (size before relaxing)
 .debug_str     0x000eedcd    0xea32d CMakeFiles/Stepper-Motor-Rotation-Stand.dir/Core/Src/stm32l4xx_it.c.obj
 .debug_str     0x000eedcd    0xeaf39 CMakeFiles/Stepper-Motor-Rotation-Stand.dir/Core/Src/stm32l4xx_hal_msp.c.obj
 .debug_str     0x000eedcd    0xeb6d5 CMakeFiles/Stepper-Motor-Rotation-Stand.dir/Drivers/STM32L4xx_HAL_Driver/Src/stm32l4xx_hal_tim.c.obj
 .debug_str     0x000eedcd    0xeafe9 CMakeFiles/Stepper-Motor-Rotation-Stand.dir/Drivers/STM32L4xx_HAL_Driver/Src/stm32l4xx_hal_tim_ex.c.obj
 .debug_str     0x000eedcd    0xeaf94 CMakeFiles/Stepper-Motor-Rotation-Stand.dir/Drivers/STM32L4xx_HAL_Driver/Src/stm32l4xx_hal.c.obj
 .debug_str     0x000eedcd    0xea9db CMakeFiles/Stepper-Motor-Rotation-Stand.dir/Drivers/STM32L4xx_HAL_Driver/Src/stm32l4xx_hal_rcc.c.obj
 .debug_str     0x000eedcd    0xeab54 CMakeFiles/Stepper-Motor-Rotation-Stand.dir/Drivers/STM32L4xx_HAL_Driver/Src/stm32l4xx_hal_rcc_ex.c.obj
 .debug_str     0x000eedcd    0xea50e CMakeFiles/Stepper-Motor-Rotation-Stand.dir/Drivers/STM32L4xx_HAL_Driver/Src/stm32l4xx_hal_gpio.c.obj
 .debug_str     0x000eedcd    0xea8f0 CMakeFiles/Stepper-Motor-Rotation-Stand.dir/Drivers/STM32L4xx_HAL_Driver/Src/stm32l4xx_hal_pwr_ex.c.obj
 .debug_str     0x000eedcd    0xeac0e CMakeFiles/Stepper-Motor-Rotation-Stand.dir/Drivers/STM32L4xx_HAL_Driver/Src/stm32l4xx_hal_cortex.c.obj
 .debug_str     0x000eedcd    0xeb0ed CMakeFiles/Stepper-Motor-Rotation-Stand.dir/Drivers/STM32L4xx_HAL_Driver/Src/stm32l4xx_hal_uart.c.obj
 .debug_str     0x000eedcd    0xea395 CMakeFiles/Stepper-Motor-Rotation-Stand.dir/Core/Src/system_stm32l4xx.c.obj
 .debug_str     0x000eedcd    0xea8a3 CMakeFiles/Stepper-Motor-Rotation-Stand.dir/Core/Src/StepMotor_lib.c.obj
 .debug_str     0x000eedcd       0xba CMakeFiles/Stepper-Motor-Rotation-Stand.dir/startup_stm32l476xx.s.obj

.comment        0x00000000       0x45
 .comment       0x00000000       0x45 CMakeFiles/Stepper-Motor-Rotation-Stand.dir/Core/Src/main.c.obj
                                 0x46 (size before relaxing)
 .comment       0x00000045       0x46 CMakeFiles/Stepper-Motor-Rotation-Stand.dir/Core/Src/stm32l4xx_it.c.obj
 .comment       0x00000045       0x46 CMakeFiles/Stepper-Motor-Rotation-Stand.dir/Core/Src/stm32l4xx_hal_msp.c.obj
 .comment       0x00000045       0x46 CMakeFiles/Stepper-Motor-Rotation-Stand.dir/Drivers/STM32L4xx_HAL_Driver/Src/stm32l4xx_hal_tim.c.obj
 .comment       0x00000045       0x46 CMakeFiles/Stepper-Motor-Rotation-Stand.dir/Drivers/STM32L4xx_HAL_Driver/Src/stm32l4xx_hal_tim_ex.c.obj
 .comment       0x00000045       0x46 CMakeFiles/Stepper-Motor-Rotation-Stand.dir/Drivers/STM32L4xx_HAL_Driver/Src/stm32l4xx_hal.c.obj
 .comment       0x00000045       0x46 CMakeFiles/Stepper-Motor-Rotation-Stand.dir/Drivers/STM32L4xx_HAL_Driver/Src/stm32l4xx_hal_rcc.c.obj
 .comment       0x00000045       0x46 CMakeFiles/Stepper-Motor-Rotation-Stand.dir/Drivers/STM32L4xx_HAL_Driver/Src/stm32l4xx_hal_rcc_ex.c.obj
 .comment       0x00000045       0x46 CMakeFiles/Stepper-Motor-Rotation-Stand.dir/Drivers/STM32L4xx_HAL_Driver/Src/stm32l4xx_hal_gpio.c.obj
 .comment       0x00000045       0x46 CMakeFiles/Stepper-Motor-Rotation-Stand.dir/Drivers/STM32L4xx_HAL_Driver/Src/stm32l4xx_hal_pwr_ex.c.obj
 .comment       0x00000045       0x46 CMakeFiles/Stepper-Motor-Rotation-Stand.dir/Drivers/STM32L4xx_HAL_Driver/Src/stm32l4xx_hal_cortex.c.obj
 .comment       0x00000045       0x46 CMakeFiles/Stepper-Motor-Rotation-Stand.dir/Drivers/STM32L4xx_HAL_Driver/Src/stm32l4xx_hal_uart.c.obj
 .comment       0x00000045       0x46 CMakeFiles/Stepper-Motor-Rotation-Stand.dir/Core/Src/system_stm32l4xx.c.obj
 .comment       0x00000045       0x46 CMakeFiles/Stepper-Motor-Rotation-Stand.dir/Core/Src/StepMotor_lib.c.obj

.debug_line_str
                0x00000000      0x17c
 .debug_line_str
                0x00000000      0x17c CMakeFiles/Stepper-Motor-Rotation-Stand.dir/startup_stm32l476xx.s.obj
                                 0x9e (size before relaxing)
 .debug_line_str
                0x0000017c       0xd2 /Applications/ArmGNUToolchain/13.3.rel1/arm-none-eabi/bin/../lib/gcc/arm-none-eabi/13.3.1/thumb/v7e-m+fp/hard/libgcc.a(_aeabi_uldivmod.o)
 .debug_line_str
                0x0000017c       0xd6 /Applications/ArmGNUToolchain/13.3.rel1/arm-none-eabi/bin/../lib/gcc/arm-none-eabi/13.3.1/thumb/v7e-m+fp/hard/libgcc.a(_dvmd_tls.o)
